Archive member included because of file (symbol)

/usr/lib/gcc/avr/4.7.2/avr5/libgcc.a(_udivmodqi4.o)
                              ../AVR-Programming-Library/USART.o (__udivmodqi4)
/usr/lib/gcc/avr/4.7.2/avr5/libgcc.a(_udivmodhi4.o)
                              ../AVR-Programming-Library/USART.o (__udivmodhi4)
/usr/lib/gcc/avr/4.7.2/avr5/libgcc.a(_divmodhi4.o)
                              FrameBuffer.o (__divmodhi4)
/usr/lib/gcc/avr/4.7.2/avr5/libgcc.a(_exit.o)
                              /usr/lib/gcc/avr/4.7.2/../../../avr/lib/avr5/crtm328p.o (exit)
/usr/lib/gcc/avr/4.7.2/avr5/libgcc.a(_copy_data.o)
                              Character.o (__do_copy_data)
/usr/lib/gcc/avr/4.7.2/avr5/libgcc.a(_clear_bss.o)
                              led_cube.o (__do_clear_bss)
/usr/lib/gcc/avr/4.7.2/../../../avr/lib/avr5/libc.a(malloc.o)
                              Character.o (malloc)
/usr/lib/gcc/avr/4.7.2/../../../avr/lib/avr5/libc.a(rand.o)
                              FrameBuffer.o (rand)
/usr/lib/gcc/avr/4.7.2/avr5/libgcc.a(_muluhisi3.o)
                              /usr/lib/gcc/avr/4.7.2/../../../avr/lib/avr5/libc.a(rand.o) (__muluhisi3)
/usr/lib/gcc/avr/4.7.2/avr5/libgcc.a(_mulshisi3.o)
                              /usr/lib/gcc/avr/4.7.2/../../../avr/lib/avr5/libc.a(rand.o) (__mulohisi3)
/usr/lib/gcc/avr/4.7.2/avr5/libgcc.a(_divmodsi4.o)
                              /usr/lib/gcc/avr/4.7.2/../../../avr/lib/avr5/libc.a(rand.o) (__divmodsi4)
/usr/lib/gcc/avr/4.7.2/avr5/libgcc.a(_epilogue.o)
                              /usr/lib/gcc/avr/4.7.2/../../../avr/lib/avr5/libc.a(malloc.o) (__epilogue_restores__)
/usr/lib/gcc/avr/4.7.2/avr5/libgcc.a(_umulhisi3.o)
                              /usr/lib/gcc/avr/4.7.2/avr5/libgcc.a(_muluhisi3.o) (__umulhisi3)
/usr/lib/gcc/avr/4.7.2/avr5/libgcc.a(_udivmodsi4.o)
                              /usr/lib/gcc/avr/4.7.2/avr5/libgcc.a(_divmodsi4.o) (__udivmodsi4)

Allocating common symbols
Common symbol       size              file

groundDriver        0x3               led_cube.o
__brkval            0x2               /usr/lib/gcc/avr/4.7.2/../../../avr/lib/avr5/libc.a(malloc.o)
buttonController    0x2a              led_cube.o
framebuffer         0x134             led_cube.o
ringbuffer          0x66              led_cube.o
timer_val           0x2               led_cube.o
ledDriver           0x5               led_cube.o
__flp               0x2               /usr/lib/gcc/avr/4.7.2/../../../avr/lib/avr5/libc.a(malloc.o)

Discarded input sections

 .data          0x0000000000000000        0x0 /usr/lib/gcc/avr/4.7.2/../../../avr/lib/avr5/crtm328p.o
 .bss           0x0000000000000000        0x0 /usr/lib/gcc/avr/4.7.2/../../../avr/lib/avr5/crtm328p.o
 .text          0x0000000000000000        0x0 ButtonController.o
 .data          0x0000000000000000        0x0 ButtonController.o
 .bss           0x0000000000000000        0x0 ButtonController.o
 .text.buttonPressed
                0x0000000000000000       0x9e ButtonController.o
 .text.getButtonStates
                0x0000000000000000       0xc8 ButtonController.o
 .text.buttonPressedDebounce
                0x0000000000000000      0x166 ButtonController.o
 .text          0x0000000000000000        0x0 Character.o
 .data          0x0000000000000000        0x0 Character.o
 .bss           0x0000000000000000        0x0 Character.o
 .text.initCharacter
                0x0000000000000000       0x22 Character.o
 .text.makeCharacter
                0x0000000000000000       0x62 Character.o
 .text.setCharacterColor
                0x0000000000000000        0x6 Character.o
 .text.setCharacterData
                0x0000000000000000        0x8 Character.o
 .text.drawCharacter
                0x0000000000000000       0x92 Character.o
 .text.makeMarquee
                0x0000000000000000       0x46 Character.o
 .text.drawMarquee
                0x0000000000000000      0x192 Character.o
 .text          0x0000000000000000        0x0 delay.o
 .data          0x0000000000000000        0x0 delay.o
 .bss           0x0000000000000000        0x0 delay.o
 .text.delay_ms
                0x0000000000000000       0x16 delay.o
 .text.timer_delay_ms
                0x0000000000000000       0x22 delay.o
 .text.delay_us
                0x0000000000000000        0xc delay.o
 .text          0x0000000000000000        0x0 FrameBuffer.o
 .data          0x0000000000000000        0x0 FrameBuffer.o
 .bss           0x0000000000000000        0x0 FrameBuffer.o
 .text.makeFrameBuffer
                0x0000000000000000       0x1e FrameBuffer.o
 .text.clearFrameBuffer
                0x0000000000000000       0xdc FrameBuffer.o
 .text.setFrameBufferRandom
                0x0000000000000000       0xb6 FrameBuffer.o
 .text.setPixel
                0x0000000000000000       0x30 FrameBuffer.o
 .text.clearPixel
                0x0000000000000000       0x2e FrameBuffer.o
 .text.togglePixel
                0x0000000000000000       0x3a FrameBuffer.o
 .text.drawVector3d
                0x0000000000000000       0x2e FrameBuffer.o
 .text.drawLine
                0x0000000000000000       0xa4 FrameBuffer.o
 .text.drawLine2d
                0x0000000000000000      0x1ec FrameBuffer.o
 .text.drawLine3d
                0x0000000000000000      0x3d6 FrameBuffer.o
 .text.drawPlane
                0x0000000000000000       0xea FrameBuffer.o
 .text.drawBox  0x0000000000000000      0x162 FrameBuffer.o
 .text.drawBinaryNumber
                0x0000000000000000      0x120 FrameBuffer.o
 .text.shiftPlane_anm
                0x0000000000000000      0x28e FrameBuffer.o
 .text.rotatePlane_anm
                0x0000000000000000      0x122 FrameBuffer.o
 .text.snake_anm
                0x0000000000000000      0x1fc FrameBuffer.o
 .text.tallyScore_anm
                0x0000000000000000      0x142 FrameBuffer.o
 .text.sinWave_anm
                0x0000000000000000       0x40 FrameBuffer.o
 .text.ballBounce_anm
                0x0000000000000000      0x166 FrameBuffer.o
 .text.boxExpand_anm
                0x0000000000000000      0x27e FrameBuffer.o
 .text.pointCloud_anm
                0x0000000000000000      0x1c0 FrameBuffer.o
 .text.controlPixel
                0x0000000000000000      0x12c FrameBuffer.o
 .text.getSnakeDirection
                0x0000000000000000      0x116 FrameBuffer.o
 .text.snakeGame
                0x0000000000000000      0x70a FrameBuffer.o
 .text.tritrisGame
                0x0000000000000000      0x934 FrameBuffer.o
 .text.powerTest
                0x0000000000000000       0xee FrameBuffer.o
 .text.mainLoop
                0x0000000000000000      0x25c FrameBuffer.o
 .rodata.CSWTCH.50
                0x0000000000000000        0x4 FrameBuffer.o
 .text          0x0000000000000000        0x0 GeneralFunctions.o
 .data          0x0000000000000000        0x0 GeneralFunctions.o
 .bss           0x0000000000000000        0x0 GeneralFunctions.o
 .text.numberToBinaryArray
                0x0000000000000000        0x2 GeneralFunctions.o
 .text          0x0000000000000000        0x0 include_test.o
 .data          0x0000000000000000        0x0 include_test.o
 .bss           0x0000000000000000        0x0 include_test.o
 .text.testFunc
                0x0000000000000000        0x2 include_test.o
 .text          0x0000000000000000        0x0 led_cube.o
 .data          0x0000000000000000        0x0 led_cube.o
 .bss           0x0000000000000000        0x0 led_cube.o
 .text.setSerialRecieveInterrupt
                0x0000000000000000       0x18 led_cube.o
 .text.serialDataAvailable
                0x0000000000000000        0x8 led_cube.o
 .text          0x0000000000000000        0x0 LedDriver.o
 .data          0x0000000000000000        0x0 LedDriver.o
 .bss           0x0000000000000000        0x0 LedDriver.o
 .text.makeLedDriver
                0x0000000000000000       0x42 LedDriver.o
 .text.makeGroundDriver
                0x0000000000000000       0x4e LedDriver.o
 .text.disableGroundDriver
                0x0000000000000000       0x3e LedDriver.o
 .text.sr_loadByte
                0x0000000000000000       0x98 LedDriver.o
 .text.sr_loadData_old
                0x0000000000000000       0xfe LedDriver.o
 .text.sr_loadData
                0x0000000000000000       0xf6 LedDriver.o
 .text          0x0000000000000000        0x0 MessageHandler.o
 .data          0x0000000000000000        0x0 MessageHandler.o
 .bss           0x0000000000000000        0x0 MessageHandler.o
 .text.initMessageHandler
                0x0000000000000000       0x38 MessageHandler.o
 .text.handleAnimationMessage
                0x0000000000000000      0x12a MessageHandler.o
 .text.handleDrawingMessage
                0x0000000000000000      0x3ea MessageHandler.o
 .text          0x0000000000000000        0x0 RingBuffer.o
 .data          0x0000000000000000        0x0 RingBuffer.o
 .bss           0x0000000000000000        0x0 RingBuffer.o
 .text          0x0000000000000000        0x0 Snake.o
 .data          0x0000000000000000        0x0 Snake.o
 .bss           0x0000000000000000        0x0 Snake.o
 .text.initSnake
                0x0000000000000000       0x84 Snake.o
 .text.makeSnake
                0x0000000000000000       0x46 Snake.o
 .text.snakeInitTest
                0x0000000000000000       0x48 Snake.o
 .text.setHead  0x0000000000000000       0x9c Snake.o
 .text.drawSnake
                0x0000000000000000       0x6e Snake.o
 .text.snakeCrossesBody
                0x0000000000000000       0x60 Snake.o
 .text.pointOverlapsSnake
                0x0000000000000000       0x86 Snake.o
 .text.incrementSnake
                0x0000000000000000       0x50 Snake.o
 .text          0x0000000000000000        0x0 Tritris.o
 .data          0x0000000000000000        0x0 Tritris.o
 .bss           0x0000000000000000        0x0 Tritris.o
 .text.initTritrisBlock
                0x0000000000000000       0x76 Tritris.o
 .text.makeTritrisBlock
                0x0000000000000000       0x3a Tritris.o
 .text.setBlockPosition
                0x0000000000000000       0x3c Tritris.o
 .text.setBlockColor
                0x0000000000000000        0x6 Tritris.o
 .text.rotateBlock
                0x0000000000000000       0x3c Tritris.o
 .text.calcRotation
                0x0000000000000000      0x120 Tritris.o
 .text.drawTritrisBlock
                0x0000000000000000       0xe0 Tritris.o
 .text.copyBlock
                0x0000000000000000       0x60 Tritris.o
 .text.initTritrisArea
                0x0000000000000000       0x56 Tritris.o
 .text.makeTritrisArea
                0x0000000000000000       0x1e Tritris.o
 .text.fillTritrisArea
                0x0000000000000000      0x128 Tritris.o
 .text.drawTritrisArea
                0x0000000000000000       0x8e Tritris.o
 .text.blockOverlapsArea
                0x0000000000000000      0x12e Tritris.o
 .text.blockCanFall
                0x0000000000000000       0x6c Tritris.o
 .text.checkTritrisArea
                0x0000000000000000      0x244 Tritris.o
 .text.checkAreaForGameOver
                0x0000000000000000       0x50 Tritris.o
 .text          0x0000000000000000        0x0 Vector3d.o
 .data          0x0000000000000000        0x0 Vector3d.o
 .bss           0x0000000000000000        0x0 Vector3d.o
 .text.makeVector3d
                0x0000000000000000       0x36 Vector3d.o
 .text.addVector3d
                0x0000000000000000       0x88 Vector3d.o
 .text.subtractVector
                0x0000000000000000       0x88 Vector3d.o
 .text          0x0000000000000000        0x0 ../AVR-Programming-Library/USART.o
 .data          0x0000000000000000        0x0 ../AVR-Programming-Library/USART.o
 .bss           0x0000000000000000        0x0 ../AVR-Programming-Library/USART.o
 .text.initUSART
                0x0000000000000000       0x22 ../AVR-Programming-Library/USART.o
 .text.transmitByte
                0x0000000000000000        0xe ../AVR-Programming-Library/USART.o
 .text.printString
                0x0000000000000000       0x26 ../AVR-Programming-Library/USART.o
 .text.readString
                0x0000000000000000       0x5e ../AVR-Programming-Library/USART.o
 .text.printByte
                0x0000000000000000       0x32 ../AVR-Programming-Library/USART.o
 .text.printWord
                0x0000000000000000       0x76 ../AVR-Programming-Library/USART.o
 .text.printBinaryByte
                0x0000000000000000       0x3c ../AVR-Programming-Library/USART.o
 .text.nibbleToHexCharacter
                0x0000000000000000        0xc ../AVR-Programming-Library/USART.o
 .text.printHexByte
                0x0000000000000000       0x1e ../AVR-Programming-Library/USART.o
 .text.getNumber
                0x0000000000000000       0x44 ../AVR-Programming-Library/USART.o
 .text          0x0000000000000000        0x0 /usr/lib/gcc/avr/4.7.2/avr5/libgcc.a(_udivmodqi4.o)
 .data          0x0000000000000000        0x0 /usr/lib/gcc/avr/4.7.2/avr5/libgcc.a(_udivmodqi4.o)
 .bss           0x0000000000000000        0x0 /usr/lib/gcc/avr/4.7.2/avr5/libgcc.a(_udivmodqi4.o)
 .text.libgcc.mul
                0x0000000000000000        0x0 /usr/lib/gcc/avr/4.7.2/avr5/libgcc.a(_udivmodqi4.o)
 .text.libgcc.div
                0x0000000000000000       0x18 /usr/lib/gcc/avr/4.7.2/avr5/libgcc.a(_udivmodqi4.o)
 .text.libgcc   0x0000000000000000        0x0 /usr/lib/gcc/avr/4.7.2/avr5/libgcc.a(_udivmodqi4.o)
 .text.libgcc.prologue
                0x0000000000000000        0x0 /usr/lib/gcc/avr/4.7.2/avr5/libgcc.a(_udivmodqi4.o)
 .text.libgcc.builtins
                0x0000000000000000        0x0 /usr/lib/gcc/avr/4.7.2/avr5/libgcc.a(_udivmodqi4.o)
 .text.libgcc.fmul
                0x0000000000000000        0x0 /usr/lib/gcc/avr/4.7.2/avr5/libgcc.a(_udivmodqi4.o)
 .text          0x0000000000000000        0x0 /usr/lib/gcc/avr/4.7.2/avr5/libgcc.a(_udivmodhi4.o)
 .data          0x0000000000000000        0x0 /usr/lib/gcc/avr/4.7.2/avr5/libgcc.a(_udivmodhi4.o)
 .bss           0x0000000000000000        0x0 /usr/lib/gcc/avr/4.7.2/avr5/libgcc.a(_udivmodhi4.o)
 .text.libgcc.mul
                0x0000000000000000        0x0 /usr/lib/gcc/avr/4.7.2/avr5/libgcc.a(_udivmodhi4.o)
 .text.libgcc   0x0000000000000000        0x0 /usr/lib/gcc/avr/4.7.2/avr5/libgcc.a(_udivmodhi4.o)
 .text.libgcc.prologue
                0x0000000000000000        0x0 /usr/lib/gcc/avr/4.7.2/avr5/libgcc.a(_udivmodhi4.o)
 .text.libgcc.builtins
                0x0000000000000000        0x0 /usr/lib/gcc/avr/4.7.2/avr5/libgcc.a(_udivmodhi4.o)
 .text.libgcc.fmul
                0x0000000000000000        0x0 /usr/lib/gcc/avr/4.7.2/avr5/libgcc.a(_udivmodhi4.o)
 .text          0x0000000000000000        0x0 /usr/lib/gcc/avr/4.7.2/avr5/libgcc.a(_divmodhi4.o)
 .data          0x0000000000000000        0x0 /usr/lib/gcc/avr/4.7.2/avr5/libgcc.a(_divmodhi4.o)
 .bss           0x0000000000000000        0x0 /usr/lib/gcc/avr/4.7.2/avr5/libgcc.a(_divmodhi4.o)
 .text.libgcc.mul
                0x0000000000000000        0x0 /usr/lib/gcc/avr/4.7.2/avr5/libgcc.a(_divmodhi4.o)
 .text.libgcc   0x0000000000000000        0x0 /usr/lib/gcc/avr/4.7.2/avr5/libgcc.a(_divmodhi4.o)
 .text.libgcc.prologue
                0x0000000000000000        0x0 /usr/lib/gcc/avr/4.7.2/avr5/libgcc.a(_divmodhi4.o)
 .text.libgcc.builtins
                0x0000000000000000        0x0 /usr/lib/gcc/avr/4.7.2/avr5/libgcc.a(_divmodhi4.o)
 .text.libgcc.fmul
                0x0000000000000000        0x0 /usr/lib/gcc/avr/4.7.2/avr5/libgcc.a(_divmodhi4.o)
 .text          0x0000000000000000        0x0 /usr/lib/gcc/avr/4.7.2/avr5/libgcc.a(_exit.o)
 .data          0x0000000000000000        0x0 /usr/lib/gcc/avr/4.7.2/avr5/libgcc.a(_exit.o)
 .bss           0x0000000000000000        0x0 /usr/lib/gcc/avr/4.7.2/avr5/libgcc.a(_exit.o)
 .text.libgcc.mul
                0x0000000000000000        0x0 /usr/lib/gcc/avr/4.7.2/avr5/libgcc.a(_exit.o)
 .text.libgcc.div
                0x0000000000000000        0x0 /usr/lib/gcc/avr/4.7.2/avr5/libgcc.a(_exit.o)
 .text.libgcc   0x0000000000000000        0x0 /usr/lib/gcc/avr/4.7.2/avr5/libgcc.a(_exit.o)
 .text.libgcc.prologue
                0x0000000000000000        0x0 /usr/lib/gcc/avr/4.7.2/avr5/libgcc.a(_exit.o)
 .text.libgcc.builtins
                0x0000000000000000        0x0 /usr/lib/gcc/avr/4.7.2/avr5/libgcc.a(_exit.o)
 .text.libgcc.fmul
                0x0000000000000000        0x0 /usr/lib/gcc/avr/4.7.2/avr5/libgcc.a(_exit.o)
 .text          0x0000000000000000        0x0 /usr/lib/gcc/avr/4.7.2/avr5/libgcc.a(_copy_data.o)
 .data          0x0000000000000000        0x0 /usr/lib/gcc/avr/4.7.2/avr5/libgcc.a(_copy_data.o)
 .bss           0x0000000000000000        0x0 /usr/lib/gcc/avr/4.7.2/avr5/libgcc.a(_copy_data.o)
 .text.libgcc.mul
                0x0000000000000000        0x0 /usr/lib/gcc/avr/4.7.2/avr5/libgcc.a(_copy_data.o)
 .text.libgcc.div
                0x0000000000000000        0x0 /usr/lib/gcc/avr/4.7.2/avr5/libgcc.a(_copy_data.o)
 .text.libgcc   0x0000000000000000        0x0 /usr/lib/gcc/avr/4.7.2/avr5/libgcc.a(_copy_data.o)
 .text.libgcc.prologue
                0x0000000000000000        0x0 /usr/lib/gcc/avr/4.7.2/avr5/libgcc.a(_copy_data.o)
 .text.libgcc.builtins
                0x0000000000000000        0x0 /usr/lib/gcc/avr/4.7.2/avr5/libgcc.a(_copy_data.o)
 .text.libgcc.fmul
                0x0000000000000000        0x0 /usr/lib/gcc/avr/4.7.2/avr5/libgcc.a(_copy_data.o)
 .text          0x0000000000000000        0x0 /usr/lib/gcc/avr/4.7.2/avr5/libgcc.a(_clear_bss.o)
 .data          0x0000000000000000        0x0 /usr/lib/gcc/avr/4.7.2/avr5/libgcc.a(_clear_bss.o)
 .bss           0x0000000000000000        0x0 /usr/lib/gcc/avr/4.7.2/avr5/libgcc.a(_clear_bss.o)
 .text.libgcc.mul
                0x0000000000000000        0x0 /usr/lib/gcc/avr/4.7.2/avr5/libgcc.a(_clear_bss.o)
 .text.libgcc.div
                0x0000000000000000        0x0 /usr/lib/gcc/avr/4.7.2/avr5/libgcc.a(_clear_bss.o)
 .text.libgcc   0x0000000000000000        0x0 /usr/lib/gcc/avr/4.7.2/avr5/libgcc.a(_clear_bss.o)
 .text.libgcc.prologue
                0x0000000000000000        0x0 /usr/lib/gcc/avr/4.7.2/avr5/libgcc.a(_clear_bss.o)
 .text.libgcc.builtins
                0x0000000000000000        0x0 /usr/lib/gcc/avr/4.7.2/avr5/libgcc.a(_clear_bss.o)
 .text.libgcc.fmul
                0x0000000000000000        0x0 /usr/lib/gcc/avr/4.7.2/avr5/libgcc.a(_clear_bss.o)
 .text          0x0000000000000000        0x0 /usr/lib/gcc/avr/4.7.2/../../../avr/lib/avr5/libc.a(malloc.o)
 .data          0x0000000000000000        0x6 /usr/lib/gcc/avr/4.7.2/../../../avr/lib/avr5/libc.a(malloc.o)
 .bss           0x0000000000000000        0x0 /usr/lib/gcc/avr/4.7.2/../../../avr/lib/avr5/libc.a(malloc.o)
 .text.avr-libc
                0x0000000000000000      0x26e /usr/lib/gcc/avr/4.7.2/../../../avr/lib/avr5/libc.a(malloc.o)
 COMMON         0x0000000000000000        0x4 /usr/lib/gcc/avr/4.7.2/../../../avr/lib/avr5/libc.a(malloc.o)
 .text          0x0000000000000000        0x0 /usr/lib/gcc/avr/4.7.2/../../../avr/lib/avr5/libc.a(rand.o)
 .bss           0x0000000000000000        0x0 /usr/lib/gcc/avr/4.7.2/../../../avr/lib/avr5/libc.a(rand.o)
 .text          0x0000000000000000        0x0 /usr/lib/gcc/avr/4.7.2/avr5/libgcc.a(_muluhisi3.o)
 .data          0x0000000000000000        0x0 /usr/lib/gcc/avr/4.7.2/avr5/libgcc.a(_muluhisi3.o)
 .bss           0x0000000000000000        0x0 /usr/lib/gcc/avr/4.7.2/avr5/libgcc.a(_muluhisi3.o)
 .text.libgcc.div
                0x0000000000000000        0x0 /usr/lib/gcc/avr/4.7.2/avr5/libgcc.a(_muluhisi3.o)
 .text.libgcc   0x0000000000000000        0x0 /usr/lib/gcc/avr/4.7.2/avr5/libgcc.a(_muluhisi3.o)
 .text.libgcc.prologue
                0x0000000000000000        0x0 /usr/lib/gcc/avr/4.7.2/avr5/libgcc.a(_muluhisi3.o)
 .text.libgcc.builtins
                0x0000000000000000        0x0 /usr/lib/gcc/avr/4.7.2/avr5/libgcc.a(_muluhisi3.o)
 .text.libgcc.fmul
                0x0000000000000000        0x0 /usr/lib/gcc/avr/4.7.2/avr5/libgcc.a(_muluhisi3.o)
 .text          0x0000000000000000        0x0 /usr/lib/gcc/avr/4.7.2/avr5/libgcc.a(_mulshisi3.o)
 .data          0x0000000000000000        0x0 /usr/lib/gcc/avr/4.7.2/avr5/libgcc.a(_mulshisi3.o)
 .bss           0x0000000000000000        0x0 /usr/lib/gcc/avr/4.7.2/avr5/libgcc.a(_mulshisi3.o)
 .text.libgcc.div
                0x0000000000000000        0x0 /usr/lib/gcc/avr/4.7.2/avr5/libgcc.a(_mulshisi3.o)
 .text.libgcc   0x0000000000000000        0x0 /usr/lib/gcc/avr/4.7.2/avr5/libgcc.a(_mulshisi3.o)
 .text.libgcc.prologue
                0x0000000000000000        0x0 /usr/lib/gcc/avr/4.7.2/avr5/libgcc.a(_mulshisi3.o)
 .text.libgcc.builtins
                0x0000000000000000        0x0 /usr/lib/gcc/avr/4.7.2/avr5/libgcc.a(_mulshisi3.o)
 .text.libgcc.fmul
                0x0000000000000000        0x0 /usr/lib/gcc/avr/4.7.2/avr5/libgcc.a(_mulshisi3.o)
 .text          0x0000000000000000        0x0 /usr/lib/gcc/avr/4.7.2/avr5/libgcc.a(_divmodsi4.o)
 .data          0x0000000000000000        0x0 /usr/lib/gcc/avr/4.7.2/avr5/libgcc.a(_divmodsi4.o)
 .bss           0x0000000000000000        0x0 /usr/lib/gcc/avr/4.7.2/avr5/libgcc.a(_divmodsi4.o)
 .text.libgcc.mul
                0x0000000000000000        0x0 /usr/lib/gcc/avr/4.7.2/avr5/libgcc.a(_divmodsi4.o)
 .text.libgcc   0x0000000000000000        0x0 /usr/lib/gcc/avr/4.7.2/avr5/libgcc.a(_divmodsi4.o)
 .text.libgcc.prologue
                0x0000000000000000        0x0 /usr/lib/gcc/avr/4.7.2/avr5/libgcc.a(_divmodsi4.o)
 .text.libgcc.builtins
                0x0000000000000000        0x0 /usr/lib/gcc/avr/4.7.2/avr5/libgcc.a(_divmodsi4.o)
 .text.libgcc.fmul
                0x0000000000000000        0x0 /usr/lib/gcc/avr/4.7.2/avr5/libgcc.a(_divmodsi4.o)
 .text          0x0000000000000000        0x0 /usr/lib/gcc/avr/4.7.2/avr5/libgcc.a(_epilogue.o)
 .data          0x0000000000000000        0x0 /usr/lib/gcc/avr/4.7.2/avr5/libgcc.a(_epilogue.o)
 .bss           0x0000000000000000        0x0 /usr/lib/gcc/avr/4.7.2/avr5/libgcc.a(_epilogue.o)
 .text.libgcc.mul
                0x0000000000000000        0x0 /usr/lib/gcc/avr/4.7.2/avr5/libgcc.a(_epilogue.o)
 .text.libgcc.div
                0x0000000000000000        0x0 /usr/lib/gcc/avr/4.7.2/avr5/libgcc.a(_epilogue.o)
 .text.libgcc   0x0000000000000000        0x0 /usr/lib/gcc/avr/4.7.2/avr5/libgcc.a(_epilogue.o)
 .text.libgcc.prologue
                0x0000000000000000       0x36 /usr/lib/gcc/avr/4.7.2/avr5/libgcc.a(_epilogue.o)
 .text.libgcc.builtins
                0x0000000000000000        0x0 /usr/lib/gcc/avr/4.7.2/avr5/libgcc.a(_epilogue.o)
 .text.libgcc.fmul
                0x0000000000000000        0x0 /usr/lib/gcc/avr/4.7.2/avr5/libgcc.a(_epilogue.o)
 .text          0x0000000000000000        0x0 /usr/lib/gcc/avr/4.7.2/avr5/libgcc.a(_umulhisi3.o)
 .data          0x0000000000000000        0x0 /usr/lib/gcc/avr/4.7.2/avr5/libgcc.a(_umulhisi3.o)
 .bss           0x0000000000000000        0x0 /usr/lib/gcc/avr/4.7.2/avr5/libgcc.a(_umulhisi3.o)
 .text.libgcc.div
                0x0000000000000000        0x0 /usr/lib/gcc/avr/4.7.2/avr5/libgcc.a(_umulhisi3.o)
 .text.libgcc   0x0000000000000000        0x0 /usr/lib/gcc/avr/4.7.2/avr5/libgcc.a(_umulhisi3.o)
 .text.libgcc.prologue
                0x0000000000000000        0x0 /usr/lib/gcc/avr/4.7.2/avr5/libgcc.a(_umulhisi3.o)
 .text.libgcc.builtins
                0x0000000000000000        0x0 /usr/lib/gcc/avr/4.7.2/avr5/libgcc.a(_umulhisi3.o)
 .text.libgcc.fmul
                0x0000000000000000        0x0 /usr/lib/gcc/avr/4.7.2/avr5/libgcc.a(_umulhisi3.o)
 .text          0x0000000000000000        0x0 /usr/lib/gcc/avr/4.7.2/avr5/libgcc.a(_udivmodsi4.o)
 .data          0x0000000000000000        0x0 /usr/lib/gcc/avr/4.7.2/avr5/libgcc.a(_udivmodsi4.o)
 .bss           0x0000000000000000        0x0 /usr/lib/gcc/avr/4.7.2/avr5/libgcc.a(_udivmodsi4.o)
 .text.libgcc.mul
                0x0000000000000000        0x0 /usr/lib/gcc/avr/4.7.2/avr5/libgcc.a(_udivmodsi4.o)
 .text.libgcc   0x0000000000000000        0x0 /usr/lib/gcc/avr/4.7.2/avr5/libgcc.a(_udivmodsi4.o)
 .text.libgcc.prologue
                0x0000000000000000        0x0 /usr/lib/gcc/avr/4.7.2/avr5/libgcc.a(_udivmodsi4.o)
 .text.libgcc.builtins
                0x0000000000000000        0x0 /usr/lib/gcc/avr/4.7.2/avr5/libgcc.a(_udivmodsi4.o)
 .text.libgcc.fmul
                0x0000000000000000        0x0 /usr/lib/gcc/avr/4.7.2/avr5/libgcc.a(_udivmodsi4.o)

Memory Configuration

Name             Origin             Length             Attributes
text             0x0000000000000000 0x0000000000020000 xr
data             0x0000000000800060 0x000000000000ffa0 rw !x
eeprom           0x0000000000810000 0x0000000000010000 rw !x
fuse             0x0000000000820000 0x0000000000000400 rw !x
lock             0x0000000000830000 0x0000000000000400 rw !x
signature        0x0000000000840000 0x0000000000000400 rw !x
*default*        0x0000000000000000 0xffffffffffffffff

Linker script and memory map

Address of section .data set to 0x800100
LOAD /usr/lib/gcc/avr/4.7.2/../../../avr/lib/avr5/crtm328p.o
LOAD ButtonController.o
LOAD Character.o
LOAD delay.o
LOAD FrameBuffer.o
LOAD GeneralFunctions.o
LOAD include_test.o
LOAD led_cube.o
LOAD LedDriver.o
LOAD MessageHandler.o
LOAD RingBuffer.o
LOAD Snake.o
LOAD Tritris.o
LOAD Vector3d.o
LOAD ../AVR-Programming-Library/USART.o
LOAD /usr/lib/gcc/avr/4.7.2/avr5/libgcc.a
LOAD /usr/lib/gcc/avr/4.7.2/../../../avr/lib/avr5/libc.a
LOAD /usr/lib/gcc/avr/4.7.2/avr5/libgcc.a

.hash
 *(.hash)

.dynsym
 *(.dynsym)

.dynstr
 *(.dynstr)

.gnu.version
 *(.gnu.version)

.gnu.version_d
 *(.gnu.version_d)

.gnu.version_r
 *(.gnu.version_r)

.rel.init
 *(.rel.init)

.rela.init
 *(.rela.init)

.rel.text
 *(.rel.text)
 *(.rel.text.*)
 *(.rel.gnu.linkonce.t*)

.rela.text
 *(.rela.text)
 *(.rela.text.*)
 *(.rela.gnu.linkonce.t*)

.rel.fini
 *(.rel.fini)

.rela.fini
 *(.rela.fini)

.rel.rodata
 *(.rel.rodata)
 *(.rel.rodata.*)
 *(.rel.gnu.linkonce.r*)

.rela.rodata
 *(.rela.rodata)
 *(.rela.rodata.*)
 *(.rela.gnu.linkonce.r*)

.rel.data
 *(.rel.data)
 *(.rel.data.*)
 *(.rel.gnu.linkonce.d*)

.rela.data
 *(.rela.data)
 *(.rela.data.*)
 *(.rela.gnu.linkonce.d*)

.rel.ctors
 *(.rel.ctors)

.rela.ctors
 *(.rela.ctors)

.rel.dtors
 *(.rel.dtors)

.rela.dtors
 *(.rela.dtors)

.rel.got
 *(.rel.got)

.rela.got
 *(.rela.got)

.rel.bss
 *(.rel.bss)

.rela.bss
 *(.rela.bss)

.rel.plt
 *(.rel.plt)

.rela.plt
 *(.rela.plt)

.text           0x0000000000000000     0x1526
 *(.vectors)
 .vectors       0x0000000000000000       0x68 /usr/lib/gcc/avr/4.7.2/../../../avr/lib/avr5/crtm328p.o
                0x0000000000000000                __vectors
                0x0000000000000000                __vector_default
 *(.vectors)
 *(.progmem.gcc*)
 *(.progmem*)
                0x0000000000000068                . = ALIGN (0x2)
                0x0000000000000068                __trampolines_start = .
 *(.trampolines)
 .trampolines   0x0000000000000068        0x0 linker stubs
 *(.trampolines*)
                0x0000000000000068                __trampolines_end = .
 *(.jumptables)
 *(.jumptables*)
 *(.lowtext)
 *(.lowtext*)
                0x0000000000000068                __ctors_start = .
 *(.ctors)
                0x0000000000000068                __ctors_end = .
                0x0000000000000068                __dtors_start = .
 *(.dtors)
                0x0000000000000068                __dtors_end = .
 SORT(*)(.ctors)
 SORT(*)(.dtors)
 *(.init0)
 .init0         0x0000000000000068        0x0 /usr/lib/gcc/avr/4.7.2/../../../avr/lib/avr5/crtm328p.o
                0x0000000000000068                __init
 *(.init0)
 *(.init1)
 *(.init1)
 *(.init2)
 .init2         0x0000000000000068        0xc /usr/lib/gcc/avr/4.7.2/../../../avr/lib/avr5/crtm328p.o
 *(.init2)
 *(.init3)
 *(.init3)
 *(.init4)
 .init4         0x0000000000000074       0x16 /usr/lib/gcc/avr/4.7.2/avr5/libgcc.a(_copy_data.o)
                0x0000000000000074                __do_copy_data
 .init4         0x000000000000008a       0x10 /usr/lib/gcc/avr/4.7.2/avr5/libgcc.a(_clear_bss.o)
                0x000000000000008a                __do_clear_bss
 *(.init4)
 *(.init5)
 *(.init5)
 *(.init6)
 *(.init6)
 *(.init7)
 *(.init7)
 *(.init8)
 *(.init8)
 *(.init9)
 .init9         0x000000000000009a        0x8 /usr/lib/gcc/avr/4.7.2/../../../avr/lib/avr5/crtm328p.o
 *(.init9)
 *(.text)
 .text          0x00000000000000a2        0x4 /usr/lib/gcc/avr/4.7.2/../../../avr/lib/avr5/crtm328p.o
                0x00000000000000a2                __vector_22
                0x00000000000000a2                __vector_1
                0x00000000000000a2                __vector_24
                0x00000000000000a2                __vector_12
                0x00000000000000a2                __bad_interrupt
                0x00000000000000a2                __vector_6
                0x00000000000000a2                __vector_3
                0x00000000000000a2                __vector_23
                0x00000000000000a2                __vector_25
                0x00000000000000a2                __vector_11
                0x00000000000000a2                __vector_13
                0x00000000000000a2                __vector_17
                0x00000000000000a2                __vector_19
                0x00000000000000a2                __vector_7
                0x00000000000000a2                __vector_5
                0x00000000000000a2                __vector_4
                0x00000000000000a2                __vector_9
                0x00000000000000a2                __vector_2
                0x00000000000000a2                __vector_21
                0x00000000000000a2                __vector_15
                0x00000000000000a2                __vector_8
                0x00000000000000a2                __vector_10
                0x00000000000000a2                __vector_16
                0x00000000000000a2                __vector_20
                0x00000000000000a6                . = ALIGN (0x2)
 *(.text.*)
 .text.initButtonController
                0x00000000000000a6      0x166 ButtonController.o
                0x00000000000000a6                initButtonController
 .text.getCharacterData
                0x000000000000020c       0x46 Character.o
                0x000000000000020c                getCharacterData
 .text.setCharacterPosition
                0x0000000000000252        0xc Character.o
                0x0000000000000252                setCharacterPosition
 .text.initMarquee
                0x000000000000025e       0xd4 Character.o
                0x000000000000025e                initMarquee
 .text.marqueePosToVector
                0x0000000000000332       0xa6 Character.o
                0x0000000000000332                marqueePosToVector
 .text.marqueeEndIdx
                0x00000000000003d8       0x18 Character.o
                0x00000000000003d8                marqueeEndIdx
 .text.drawMarquee_alt
                0x00000000000003f0      0x19c Character.o
                0x00000000000003f0                drawMarquee_alt
 .text.initFrameBuffer
                0x000000000000058c       0xe8 FrameBuffer.o
                0x000000000000058c                initFrameBuffer
 .text.colorToBits
                0x0000000000000674       0x40 FrameBuffer.o
                0x0000000000000674                colorToBits
 .text.frameBufferToBits_DB_NEW
                0x00000000000006b4      0x3f2 FrameBuffer.o
                0x00000000000006b4                frameBufferToBits_DB_NEW
 .text.clearFrameBuffer_
                0x0000000000000aa6       0x56 FrameBuffer.o
                0x0000000000000aa6                clearFrameBuffer_
 .text.setFrameBuffer
                0x0000000000000afc       0x6e FrameBuffer.o
                0x0000000000000afc                setFrameBuffer
 .text.setFrameBufferColor
                0x0000000000000b6a       0x70 FrameBuffer.o
                0x0000000000000b6a                setFrameBufferColor
 .text.setPixelColor
                0x0000000000000bda       0x32 FrameBuffer.o
                0x0000000000000bda                setPixelColor
 .text.USARTInit
                0x0000000000000c0c       0x18 led_cube.o
                0x0000000000000c0c                USARTInit
 .text.__vector_18
                0x0000000000000c24       0x68 led_cube.o
                0x0000000000000c24                __vector_18
 .text.initTimer
                0x0000000000000c8c       0x2c led_cube.o
                0x0000000000000c8c                initTimer
 .text.__vector_14
                0x0000000000000cb8       0x70 led_cube.o
                0x0000000000000cb8                __vector_14
 .text.startup.main
                0x0000000000000d28      0x1e6 led_cube.o
                0x0000000000000d28                main
 .text.setLedDriver
                0x0000000000000f0e       0x16 LedDriver.o
                0x0000000000000f0e                setLedDriver
 .text.enableGroundDriver
                0x0000000000000f24       0x72 LedDriver.o
                0x0000000000000f24                enableGroundDriver
 .text.setGroundDriver
                0x0000000000000f96        0xc LedDriver.o
                0x0000000000000f96                setGroundDriver
 .text.sr_loadData_alt
                0x0000000000000fa2      0x178 LedDriver.o
                0x0000000000000fa2                sr_loadData_alt
 .text.initGroundRegister
                0x000000000000111a       0x80 LedDriver.o
                0x000000000000111a                initGroundRegister
 .text.sr_incrementGround
                0x000000000000119a       0xa2 LedDriver.o
                0x000000000000119a                sr_incrementGround
 .text.initRingBuf
                0x000000000000123c       0x22 RingBuffer.o
                0x000000000000123c                initRingBuf
 .text.pushRingBuf
                0x000000000000125e       0x6c RingBuffer.o
                0x000000000000125e                pushRingBuf
 .text.popRingBuf
                0x00000000000012ca       0x6e RingBuffer.o
                0x00000000000012ca                popRingBuf
 .text.setVector3d
                0x0000000000001338       0x10 Vector3d.o
                0x0000000000001338                setVector3d
 .text.receiveByte
                0x0000000000001348        0xe ../AVR-Programming-Library/USART.o
                0x0000000000001348                receiveByte
 .text.libgcc.div
                0x0000000000001356       0x28 /usr/lib/gcc/avr/4.7.2/avr5/libgcc.a(_udivmodhi4.o)
                0x0000000000001356                __udivmodhi4
 .text.libgcc.div
                0x000000000000137e       0x28 /usr/lib/gcc/avr/4.7.2/avr5/libgcc.a(_divmodhi4.o)
                0x000000000000137e                __divmodhi4
                0x000000000000137e                _div
 .text.avr-libc
                0x00000000000013a6       0xc2 /usr/lib/gcc/avr/4.7.2/../../../avr/lib/avr5/libc.a(rand.o)
                0x0000000000001442                rand_r
                0x0000000000001448                rand
                0x0000000000001452                srand
 .text.libgcc.mul
                0x0000000000001468       0x16 /usr/lib/gcc/avr/4.7.2/avr5/libgcc.a(_muluhisi3.o)
                0x0000000000001468                __muluhisi3
 .text.libgcc.mul
                0x000000000000147e       0x10 /usr/lib/gcc/avr/4.7.2/avr5/libgcc.a(_mulshisi3.o)
                0x000000000000147e                __mulshisi3
                0x0000000000001484                __mulohisi3
 .text.libgcc.div
                0x000000000000148e       0x38 /usr/lib/gcc/avr/4.7.2/avr5/libgcc.a(_divmodsi4.o)
                0x000000000000148e                __divmodsi4
 .text.libgcc.mul
                0x00000000000014c6       0x18 /usr/lib/gcc/avr/4.7.2/avr5/libgcc.a(_umulhisi3.o)
                0x00000000000014c6                __umulhisi3
 .text.libgcc.div
                0x00000000000014de       0x44 /usr/lib/gcc/avr/4.7.2/avr5/libgcc.a(_udivmodsi4.o)
                0x00000000000014de                __udivmodsi4
                0x0000000000001522                . = ALIGN (0x2)
 *(.fini9)
 .fini9         0x0000000000001522        0x0 /usr/lib/gcc/avr/4.7.2/avr5/libgcc.a(_exit.o)
                0x0000000000001522                exit
                0x0000000000001522                _exit
 *(.fini9)
 *(.fini8)
 *(.fini8)
 *(.fini7)
 *(.fini7)
 *(.fini6)
 *(.fini6)
 *(.fini5)
 *(.fini5)
 *(.fini4)
 *(.fini4)
 *(.fini3)
 *(.fini3)
 *(.fini2)
 *(.fini2)
 *(.fini1)
 *(.fini1)
 *(.fini0)
 .fini0         0x0000000000001522        0x4 /usr/lib/gcc/avr/4.7.2/avr5/libgcc.a(_exit.o)
 *(.fini0)
                0x0000000000001526                _etext = .

.data           0x0000000000800100      0x166 load address 0x0000000000001526
                0x0000000000800100                PROVIDE (__data_start, .)
 *(.data)
 .data          0x0000000000800100        0x4 /usr/lib/gcc/avr/4.7.2/../../../avr/lib/avr5/libc.a(rand.o)
 *(.data*)
 .data.characters
                0x0000000000800104       0x9c Character.o
 .data.numbers  0x00000000008001a0       0x3c Character.o
 *(.rodata)
 .rodata        0x00000000008001dc       0x28 Character.o
 .rodata        0x0000000000800204       0x61 led_cube.o
 *(.rodata*)
 *(.gnu.linkonce.d*)
                0x0000000000800266                . = ALIGN (0x2)
 *fill*         0x0000000000800265        0x1 00
                0x0000000000800266                _edata = .
                0x0000000000800266                PROVIDE (__data_end, .)

.bss            0x0000000000800266      0x1ce
                0x0000000000800266                PROVIDE (__bss_start, .)
 *(.bss)
 *(.bss*)
 *(COMMON)
 COMMON         0x0000000000800266      0x1ce led_cube.o
                0x0000000000800266                groundDriver
                0x0000000000800269                buttonController
                0x0000000000800293                framebuffer
                0x00000000008003c7                ringbuffer
                0x000000000080042d                timer_val
                0x000000000080042f                ledDriver
                0x0000000000800434                PROVIDE (__bss_end, .)
                0x0000000000001526                __data_load_start = LOADADDR (.data)
                0x000000000000168c                __data_load_end = (__data_load_start + SIZEOF (.data))

.noinit         0x0000000000800434        0x0
                0x0000000000800434                PROVIDE (__noinit_start, .)
 *(.noinit*)
                0x0000000000800434                PROVIDE (__noinit_end, .)
                0x0000000000800434                _end = .
                0x0000000000800434                PROVIDE (__heap_start, .)

.eeprom         0x0000000000810000        0x0
 *(.eeprom*)
                0x0000000000810000                __eeprom_end = .

.fuse
 *(.fuse)
 *(.lfuse)
 *(.hfuse)
 *(.efuse)

.lock
 *(.lock*)

.signature
 *(.signature*)

.stab           0x0000000000000000     0x4cec
 *(.stab)
 .stab          0x0000000000000000      0x6cc /usr/lib/gcc/avr/4.7.2/../../../avr/lib/avr5/crtm328p.o
 .stab          0x00000000000006cc      0x5a0 ButtonController.o
                                        0x93c (size before relaxing)
 .stab          0x0000000000000c6c      0x804 Character.o
                                        0xf3c (size before relaxing)
 .stab          0x0000000000001470      0x15c delay.o
                                        0x4b0 (size before relaxing)
 .stab          0x00000000000015cc     0x108c FrameBuffer.o
                                       0x5d6c (size before relaxing)
 .stab          0x0000000000002658      0x150 GeneralFunctions.o
                                        0x3c0 (size before relaxing)
 .stab          0x00000000000027a8      0x138 include_test.o
                                        0x330 (size before relaxing)
 .stab          0x00000000000028e0      0x8b8 led_cube.o
                                        0xc18 (size before relaxing)
 .stab          0x0000000000003198      0x714 LedDriver.o
                                        0xf48 (size before relaxing)
 .stab          0x00000000000038ac      0x1c8 MessageHandler.o
                                       0x102c (size before relaxing)
 .stab          0x0000000000003a74      0x444 RingBuffer.o
                                        0x624 (size before relaxing)
 .stab          0x0000000000003eb8      0x1c8 Snake.o
                                        0xa98 (size before relaxing)
 .stab          0x0000000000004080      0x240 Tritris.o
                                       0x1644 (size before relaxing)
 .stab          0x00000000000042c0      0x204 Vector3d.o
                                        0x5c4 (size before relaxing)
 .stab          0x00000000000044c4      0x204 ../AVR-Programming-Library/USART.o
                                        0x954 (size before relaxing)
 .stab          0x00000000000046c8      0x360 /usr/lib/gcc/avr/4.7.2/../../../avr/lib/avr5/libc.a(malloc.o)
                                        0x798 (size before relaxing)
 .stab          0x0000000000004a28      0x2c4 /usr/lib/gcc/avr/4.7.2/../../../avr/lib/avr5/libc.a(rand.o)
                                        0x324 (size before relaxing)

.stabstr        0x0000000000000000     0x33a0
 *(.stabstr)
 .stabstr       0x0000000000000000     0x33a0 /usr/lib/gcc/avr/4.7.2/../../../avr/lib/avr5/crtm328p.o

.stab.excl
 *(.stab.excl)

.stab.exclstr
 *(.stab.exclstr)

.stab.index
 *(.stab.index)

.stab.indexstr
 *(.stab.indexstr)

.comment        0x0000000000000000       0x22
 *(.comment)
 .comment       0x0000000000000000       0x11 ButtonController.o
                                         0x12 (size before relaxing)
 .comment       0x0000000000000000       0x12 Character.o
 .comment       0x0000000000000000       0x12 delay.o
 .comment       0x0000000000000000       0x12 FrameBuffer.o
 .comment       0x0000000000000000       0x12 GeneralFunctions.o
 .comment       0x0000000000000000       0x12 include_test.o
 .comment       0x0000000000000000       0x12 led_cube.o
 .comment       0x0000000000000000       0x12 LedDriver.o
 .comment       0x0000000000000000       0x12 MessageHandler.o
 .comment       0x0000000000000000       0x12 RingBuffer.o
 .comment       0x0000000000000000       0x12 Snake.o
 .comment       0x0000000000000000       0x12 Tritris.o
 .comment       0x0000000000000000       0x12 Vector3d.o
 .comment       0x0000000000000000       0x12 ../AVR-Programming-Library/USART.o
 .comment       0x0000000000000011       0x11 /usr/lib/gcc/avr/4.7.2/../../../avr/lib/avr5/libc.a(malloc.o)
                                         0x12 (size before relaxing)
 .comment       0x0000000000000000       0x12 /usr/lib/gcc/avr/4.7.2/../../../avr/lib/avr5/libc.a(rand.o)

.debug
 *(.debug)

.line
 *(.line)

.debug_srcinfo
 *(.debug_srcinfo)

.debug_sfnames
 *(.debug_sfnames)

.debug_aranges
 *(.debug_aranges)

.debug_pubnames
 *(.debug_pubnames)

.debug_info
 *(.debug_info)
 *(.gnu.linkonce.wi.*)

.debug_abbrev
 *(.debug_abbrev)

.debug_line
 *(.debug_line)

.debug_frame
 *(.debug_frame)

.debug_str
 *(.debug_str)

.debug_loc
 *(.debug_loc)

.debug_macinfo
 *(.debug_macinfo)
OUTPUT(LedCube_6x6x6.elf elf32-avr)
LOAD linker stubs
