Archive member included because of file (symbol)

/usr/lib/gcc/avr/4.8.2/avr5/libgcc.a(_udivmodqi4.o)
                              ../AVR-Programming-Library/USART.o (__udivmodqi4)
/usr/lib/gcc/avr/4.8.2/avr5/libgcc.a(_udivmodhi4.o)
                              ../AVR-Programming-Library/USART.o (__udivmodhi4)
/usr/lib/gcc/avr/4.8.2/avr5/libgcc.a(_exit.o)
                              /usr/lib/gcc/avr/4.8.2/../../../avr/lib/avr5/crtm328p.o (exit)
/usr/lib/gcc/avr/4.8.2/avr5/libgcc.a(_copy_data.o)
                              faheem_test.o (__do_copy_data)
/usr/lib/gcc/avr/4.8.2/../../../avr/lib/avr5/libc.a(isspace.o)
                              simple_json.o (isspace)
/usr/lib/gcc/avr/4.8.2/../../../avr/lib/avr5/libc.a(sscanf.o)
                              faheem_test.o (sscanf)
/usr/lib/gcc/avr/4.8.2/../../../avr/lib/avr5/libc.a(vfscanf_std.o)
                              /usr/lib/gcc/avr/4.8.2/../../../avr/lib/avr5/libc.a(sscanf.o) (vfscanf)
/usr/lib/gcc/avr/4.8.2/../../../avr/lib/avr5/libc.a(cty_isfalse.o)
                              /usr/lib/gcc/avr/4.8.2/../../../avr/lib/avr5/libc.a(isspace.o) (__ctype_isfalse)
/usr/lib/gcc/avr/4.8.2/../../../avr/lib/avr5/libc.a(strchr_P.o)
                              /usr/lib/gcc/avr/4.8.2/../../../avr/lib/avr5/libc.a(vfscanf_std.o) (strchr_P)
/usr/lib/gcc/avr/4.8.2/../../../avr/lib/avr5/libc.a(fgetc.o)
                              /usr/lib/gcc/avr/4.8.2/../../../avr/lib/avr5/libc.a(vfscanf_std.o) (fgetc)
/usr/lib/gcc/avr/4.8.2/../../../avr/lib/avr5/libc.a(ungetc.o)
                              /usr/lib/gcc/avr/4.8.2/../../../avr/lib/avr5/libc.a(vfscanf_std.o) (ungetc)
/usr/lib/gcc/avr/4.8.2/avr5/libgcc.a(_prologue.o)
                              /usr/lib/gcc/avr/4.8.2/../../../avr/lib/avr5/libc.a(sscanf.o) (__prologue_saves__)
/usr/lib/gcc/avr/4.8.2/avr5/libgcc.a(_epilogue.o)
                              /usr/lib/gcc/avr/4.8.2/../../../avr/lib/avr5/libc.a(sscanf.o) (__epilogue_restores__)

Discarded input sections

 .bss           0x0000000000000000        0x0 /usr/lib/gcc/avr/4.8.2/../../../avr/lib/avr5/crtm328p.o
 .text          0x0000000000000000        0x0 delay.o
 .bss           0x0000000000000000        0x0 delay.o
 .text.timer_delay_ms
                0x0000000000000000       0x22 delay.o
 .text.delay_us
                0x0000000000000000        0xc delay.o
 .text          0x0000000000000000        0x0 faheem_test.o
 .bss           0x0000000000000000        0x0 faheem_test.o
 .text          0x0000000000000000        0x0 simple_json.o
 .bss           0x0000000000000000        0x0 simple_json.o
 .text          0x0000000000000000        0x0 ../AVR-Programming-Library/USART.o
 .bss           0x0000000000000000        0x0 ../AVR-Programming-Library/USART.o
 .text.transmitByte
                0x0000000000000000        0xe ../AVR-Programming-Library/USART.o
 .text.receiveByte
                0x0000000000000000        0xe ../AVR-Programming-Library/USART.o
 .text.printString
                0x0000000000000000       0x26 ../AVR-Programming-Library/USART.o
 .text.readString
                0x0000000000000000       0x58 ../AVR-Programming-Library/USART.o
 .text.printByte
                0x0000000000000000       0x32 ../AVR-Programming-Library/USART.o
 .text.printWord
                0x0000000000000000       0x76 ../AVR-Programming-Library/USART.o
 .text.printBinaryByte
                0x0000000000000000       0x3c ../AVR-Programming-Library/USART.o
 .text.nibbleToHexCharacter
                0x0000000000000000        0xc ../AVR-Programming-Library/USART.o
 .text.printHexByte
                0x0000000000000000       0x1e ../AVR-Programming-Library/USART.o
 .text.getNumber
                0x0000000000000000       0x4a ../AVR-Programming-Library/USART.o
 .text          0x0000000000000000        0x0 /usr/lib/gcc/avr/4.8.2/avr5/libgcc.a(_udivmodqi4.o)
 .bss           0x0000000000000000        0x0 /usr/lib/gcc/avr/4.8.2/avr5/libgcc.a(_udivmodqi4.o)
 .text.libgcc.mul
                0x0000000000000000        0x0 /usr/lib/gcc/avr/4.8.2/avr5/libgcc.a(_udivmodqi4.o)
 .text.libgcc.div
                0x0000000000000000       0x18 /usr/lib/gcc/avr/4.8.2/avr5/libgcc.a(_udivmodqi4.o)
 .text.libgcc   0x0000000000000000        0x0 /usr/lib/gcc/avr/4.8.2/avr5/libgcc.a(_udivmodqi4.o)
 .text.libgcc.prologue
                0x0000000000000000        0x0 /usr/lib/gcc/avr/4.8.2/avr5/libgcc.a(_udivmodqi4.o)
 .text.libgcc.builtins
                0x0000000000000000        0x0 /usr/lib/gcc/avr/4.8.2/avr5/libgcc.a(_udivmodqi4.o)
 .text.libgcc.fmul
                0x0000000000000000        0x0 /usr/lib/gcc/avr/4.8.2/avr5/libgcc.a(_udivmodqi4.o)
 .text.libgcc.fixed
                0x0000000000000000        0x0 /usr/lib/gcc/avr/4.8.2/avr5/libgcc.a(_udivmodqi4.o)
 .text          0x0000000000000000        0x0 /usr/lib/gcc/avr/4.8.2/avr5/libgcc.a(_udivmodhi4.o)
 .bss           0x0000000000000000        0x0 /usr/lib/gcc/avr/4.8.2/avr5/libgcc.a(_udivmodhi4.o)
 .text.libgcc.mul
                0x0000000000000000        0x0 /usr/lib/gcc/avr/4.8.2/avr5/libgcc.a(_udivmodhi4.o)
 .text.libgcc.div
                0x0000000000000000       0x28 /usr/lib/gcc/avr/4.8.2/avr5/libgcc.a(_udivmodhi4.o)
 .text.libgcc   0x0000000000000000        0x0 /usr/lib/gcc/avr/4.8.2/avr5/libgcc.a(_udivmodhi4.o)
 .text.libgcc.prologue
                0x0000000000000000        0x0 /usr/lib/gcc/avr/4.8.2/avr5/libgcc.a(_udivmodhi4.o)
 .text.libgcc.builtins
                0x0000000000000000        0x0 /usr/lib/gcc/avr/4.8.2/avr5/libgcc.a(_udivmodhi4.o)
 .text.libgcc.fmul
                0x0000000000000000        0x0 /usr/lib/gcc/avr/4.8.2/avr5/libgcc.a(_udivmodhi4.o)
 .text.libgcc.fixed
                0x0000000000000000        0x0 /usr/lib/gcc/avr/4.8.2/avr5/libgcc.a(_udivmodhi4.o)
 .text          0x0000000000000000        0x0 /usr/lib/gcc/avr/4.8.2/avr5/libgcc.a(_exit.o)
 .bss           0x0000000000000000        0x0 /usr/lib/gcc/avr/4.8.2/avr5/libgcc.a(_exit.o)
 .text.libgcc.mul
                0x0000000000000000        0x0 /usr/lib/gcc/avr/4.8.2/avr5/libgcc.a(_exit.o)
 .text.libgcc.div
                0x0000000000000000        0x0 /usr/lib/gcc/avr/4.8.2/avr5/libgcc.a(_exit.o)
 .text.libgcc   0x0000000000000000        0x0 /usr/lib/gcc/avr/4.8.2/avr5/libgcc.a(_exit.o)
 .text.libgcc.prologue
                0x0000000000000000        0x0 /usr/lib/gcc/avr/4.8.2/avr5/libgcc.a(_exit.o)
 .text.libgcc.builtins
                0x0000000000000000        0x0 /usr/lib/gcc/avr/4.8.2/avr5/libgcc.a(_exit.o)
 .text.libgcc.fmul
                0x0000000000000000        0x0 /usr/lib/gcc/avr/4.8.2/avr5/libgcc.a(_exit.o)
 .text.libgcc.fixed
                0x0000000000000000        0x0 /usr/lib/gcc/avr/4.8.2/avr5/libgcc.a(_exit.o)
 .text          0x0000000000000000        0x0 /usr/lib/gcc/avr/4.8.2/avr5/libgcc.a(_copy_data.o)
 .bss           0x0000000000000000        0x0 /usr/lib/gcc/avr/4.8.2/avr5/libgcc.a(_copy_data.o)
 .text.libgcc.mul
                0x0000000000000000        0x0 /usr/lib/gcc/avr/4.8.2/avr5/libgcc.a(_copy_data.o)
 .text.libgcc.div
                0x0000000000000000        0x0 /usr/lib/gcc/avr/4.8.2/avr5/libgcc.a(_copy_data.o)
 .text.libgcc   0x0000000000000000        0x0 /usr/lib/gcc/avr/4.8.2/avr5/libgcc.a(_copy_data.o)
 .text.libgcc.prologue
                0x0000000000000000        0x0 /usr/lib/gcc/avr/4.8.2/avr5/libgcc.a(_copy_data.o)
 .text.libgcc.builtins
                0x0000000000000000        0x0 /usr/lib/gcc/avr/4.8.2/avr5/libgcc.a(_copy_data.o)
 .text.libgcc.fmul
                0x0000000000000000        0x0 /usr/lib/gcc/avr/4.8.2/avr5/libgcc.a(_copy_data.o)
 .text.libgcc.fixed
                0x0000000000000000        0x0 /usr/lib/gcc/avr/4.8.2/avr5/libgcc.a(_copy_data.o)
 .text          0x0000000000000000        0x0 /usr/lib/gcc/avr/4.8.2/../../../avr/lib/avr5/libc.a(isspace.o)
 .bss           0x0000000000000000        0x0 /usr/lib/gcc/avr/4.8.2/../../../avr/lib/avr5/libc.a(isspace.o)
 .text          0x0000000000000000        0x0 /usr/lib/gcc/avr/4.8.2/../../../avr/lib/avr5/libc.a(sscanf.o)
 .bss           0x0000000000000000        0x0 /usr/lib/gcc/avr/4.8.2/../../../avr/lib/avr5/libc.a(sscanf.o)
 .text          0x0000000000000000        0x0 /usr/lib/gcc/avr/4.8.2/../../../avr/lib/avr5/libc.a(vfscanf_std.o)
 .bss           0x0000000000000000        0x0 /usr/lib/gcc/avr/4.8.2/../../../avr/lib/avr5/libc.a(vfscanf_std.o)
 .text          0x0000000000000000        0x0 /usr/lib/gcc/avr/4.8.2/../../../avr/lib/avr5/libc.a(cty_isfalse.o)
 .bss           0x0000000000000000        0x0 /usr/lib/gcc/avr/4.8.2/../../../avr/lib/avr5/libc.a(cty_isfalse.o)
 .text          0x0000000000000000        0x0 /usr/lib/gcc/avr/4.8.2/../../../avr/lib/avr5/libc.a(strchr_P.o)
 .bss           0x0000000000000000        0x0 /usr/lib/gcc/avr/4.8.2/../../../avr/lib/avr5/libc.a(strchr_P.o)
 .text          0x0000000000000000        0x0 /usr/lib/gcc/avr/4.8.2/../../../avr/lib/avr5/libc.a(fgetc.o)
 .bss           0x0000000000000000        0x0 /usr/lib/gcc/avr/4.8.2/../../../avr/lib/avr5/libc.a(fgetc.o)
 .text          0x0000000000000000        0x0 /usr/lib/gcc/avr/4.8.2/../../../avr/lib/avr5/libc.a(ungetc.o)
 .bss           0x0000000000000000        0x0 /usr/lib/gcc/avr/4.8.2/../../../avr/lib/avr5/libc.a(ungetc.o)
 .text          0x0000000000000000        0x0 /usr/lib/gcc/avr/4.8.2/avr5/libgcc.a(_prologue.o)
 .bss           0x0000000000000000        0x0 /usr/lib/gcc/avr/4.8.2/avr5/libgcc.a(_prologue.o)
 .text.libgcc.mul
                0x0000000000000000        0x0 /usr/lib/gcc/avr/4.8.2/avr5/libgcc.a(_prologue.o)
 .text.libgcc.div
                0x0000000000000000        0x0 /usr/lib/gcc/avr/4.8.2/avr5/libgcc.a(_prologue.o)
 .text.libgcc   0x0000000000000000        0x0 /usr/lib/gcc/avr/4.8.2/avr5/libgcc.a(_prologue.o)
 .text.libgcc.builtins
                0x0000000000000000        0x0 /usr/lib/gcc/avr/4.8.2/avr5/libgcc.a(_prologue.o)
 .text.libgcc.fmul
                0x0000000000000000        0x0 /usr/lib/gcc/avr/4.8.2/avr5/libgcc.a(_prologue.o)
 .text.libgcc.fixed
                0x0000000000000000        0x0 /usr/lib/gcc/avr/4.8.2/avr5/libgcc.a(_prologue.o)
 .text          0x0000000000000000        0x0 /usr/lib/gcc/avr/4.8.2/avr5/libgcc.a(_epilogue.o)
 .bss           0x0000000000000000        0x0 /usr/lib/gcc/avr/4.8.2/avr5/libgcc.a(_epilogue.o)
 .text.libgcc.mul
                0x0000000000000000        0x0 /usr/lib/gcc/avr/4.8.2/avr5/libgcc.a(_epilogue.o)
 .text.libgcc.div
                0x0000000000000000        0x0 /usr/lib/gcc/avr/4.8.2/avr5/libgcc.a(_epilogue.o)
 .text.libgcc   0x0000000000000000        0x0 /usr/lib/gcc/avr/4.8.2/avr5/libgcc.a(_epilogue.o)
 .text.libgcc.builtins
                0x0000000000000000        0x0 /usr/lib/gcc/avr/4.8.2/avr5/libgcc.a(_epilogue.o)
 .text.libgcc.fmul
                0x0000000000000000        0x0 /usr/lib/gcc/avr/4.8.2/avr5/libgcc.a(_epilogue.o)
 .text.libgcc.fixed
                0x0000000000000000        0x0 /usr/lib/gcc/avr/4.8.2/avr5/libgcc.a(_epilogue.o)

Memory Configuration

Name             Origin             Length             Attributes
text             0x0000000000000000 0x0000000000020000 xr
data             0x0000000000800060 0x000000000000ffa0 rw !x
eeprom           0x0000000000810000 0x0000000000010000 rw !x
fuse             0x0000000000820000 0x0000000000000400 rw !x
lock             0x0000000000830000 0x0000000000000400 rw !x
signature        0x0000000000840000 0x0000000000000400 rw !x
user_signatures  0x0000000000850000 0x0000000000000400 rw !x
*default*        0x0000000000000000 0xffffffffffffffff

Linker script and memory map

Address of section .data set to 0x800100
LOAD /usr/lib/gcc/avr/4.8.2/../../../avr/lib/avr5/crtm328p.o
LOAD delay.o
LOAD faheem_test.o
LOAD simple_json.o
LOAD ../AVR-Programming-Library/USART.o
START GROUP
LOAD /usr/lib/gcc/avr/4.8.2/avr5/libgcc.a
LOAD /usr/lib/gcc/avr/4.8.2/../../../avr/lib/avr5/libm.a
LOAD /usr/lib/gcc/avr/4.8.2/../../../avr/lib/avr5/libc.a
END GROUP

.hash
 *(.hash)

.dynsym
 *(.dynsym)

.dynstr
 *(.dynstr)

.gnu.version
 *(.gnu.version)

.gnu.version_d
 *(.gnu.version_d)

.gnu.version_r
 *(.gnu.version_r)

.rel.init
 *(.rel.init)

.rela.init
 *(.rela.init)

.rel.text
 *(.rel.text)
 *(.rel.text.*)
 *(.rel.gnu.linkonce.t*)

.rela.text
 *(.rela.text)
 *(.rela.text.*)
 *(.rela.gnu.linkonce.t*)

.rel.fini
 *(.rel.fini)

.rela.fini
 *(.rela.fini)

.rel.rodata
 *(.rel.rodata)
 *(.rel.rodata.*)
 *(.rel.gnu.linkonce.r*)

.rela.rodata
 *(.rela.rodata)
 *(.rela.rodata.*)
 *(.rela.gnu.linkonce.r*)

.rel.data
 *(.rel.data)
 *(.rel.data.*)
 *(.rel.gnu.linkonce.d*)

.rela.data
 *(.rela.data)
 *(.rela.data.*)
 *(.rela.gnu.linkonce.d*)

.rel.ctors
 *(.rel.ctors)

.rela.ctors
 *(.rela.ctors)

.rel.dtors
 *(.rel.dtors)

.rela.dtors
 *(.rela.dtors)

.rel.got
 *(.rel.got)

.rela.got
 *(.rela.got)

.rel.bss
 *(.rel.bss)

.rela.bss
 *(.rela.bss)

.rel.plt
 *(.rel.plt)

.rela.plt
 *(.rela.plt)

.text           0x0000000000000000      0xa66
 *(.vectors)
 .vectors       0x0000000000000000       0x68 /usr/lib/gcc/avr/4.8.2/../../../avr/lib/avr5/crtm328p.o
                0x0000000000000000                __vectors
                0x0000000000000000                __vector_default
 *(.vectors)
 *(.progmem.gcc*)
 *(.progmem*)
 .progmem.data  0x0000000000000068        0xc /usr/lib/gcc/avr/4.8.2/../../../avr/lib/avr5/libc.a(vfscanf_std.o)
                0x0000000000000074                . = ALIGN (0x2)
                0x0000000000000074                __trampolines_start = .
 *(.trampolines)
 .trampolines   0x0000000000000074        0x0 linker stubs
 *(.trampolines*)
                0x0000000000000074                __trampolines_end = .
 *(.jumptables)
 *(.jumptables*)
 *(.lowtext)
 *(.lowtext*)
                0x0000000000000074                __ctors_start = .
 *(.ctors)
                0x0000000000000074                __ctors_end = .
                0x0000000000000074                __dtors_start = .
 *(.dtors)
                0x0000000000000074                __dtors_end = .
 SORT(*)(.ctors)
 SORT(*)(.dtors)
 *(.init0)
 .init0         0x0000000000000074        0x0 /usr/lib/gcc/avr/4.8.2/../../../avr/lib/avr5/crtm328p.o
                0x0000000000000074                __init
 *(.init0)
 *(.init1)
 *(.init1)
 *(.init2)
 .init2         0x0000000000000074        0xc /usr/lib/gcc/avr/4.8.2/../../../avr/lib/avr5/crtm328p.o
 *(.init2)
 *(.init3)
 *(.init3)
 *(.init4)
 .init4         0x0000000000000080       0x16 /usr/lib/gcc/avr/4.8.2/avr5/libgcc.a(_copy_data.o)
                0x0000000000000080                __do_copy_data
 *(.init4)
 *(.init5)
 *(.init5)
 *(.init6)
 *(.init6)
 *(.init7)
 *(.init7)
 *(.init8)
 *(.init8)
 *(.init9)
 .init9         0x0000000000000096        0x8 /usr/lib/gcc/avr/4.8.2/../../../avr/lib/avr5/crtm328p.o
 *(.init9)
 *(.text)
 .text          0x000000000000009e        0x4 /usr/lib/gcc/avr/4.8.2/../../../avr/lib/avr5/crtm328p.o
                0x000000000000009e                __vector_22
                0x000000000000009e                __vector_1
                0x000000000000009e                __vector_24
                0x000000000000009e                __vector_12
                0x000000000000009e                __bad_interrupt
                0x000000000000009e                __vector_6
                0x000000000000009e                __vector_3
                0x000000000000009e                __vector_23
                0x000000000000009e                __vector_25
                0x000000000000009e                __vector_11
                0x000000000000009e                __vector_13
                0x000000000000009e                __vector_17
                0x000000000000009e                __vector_19
                0x000000000000009e                __vector_7
                0x000000000000009e                __vector_5
                0x000000000000009e                __vector_4
                0x000000000000009e                __vector_9
                0x000000000000009e                __vector_2
                0x000000000000009e                __vector_21
                0x000000000000009e                __vector_15
                0x000000000000009e                __vector_8
                0x000000000000009e                __vector_14
                0x000000000000009e                __vector_10
                0x000000000000009e                __vector_16
                0x000000000000009e                __vector_18
                0x000000000000009e                __vector_20
                0x00000000000000a2                . = ALIGN (0x2)
 *(.text.*)
 .text.delay_ms
                0x00000000000000a2       0x16 delay.o
                0x00000000000000a2                delay_ms
 .text.startup.main
                0x00000000000000b8       0xa8 faheem_test.o
                0x00000000000000b8                main
 .text.simpleJsonParse
                0x0000000000000160      0x1fc simple_json.o
                0x0000000000000160                simpleJsonParse
 .text.initUSART
                0x000000000000035c       0x22 ../AVR-Programming-Library/USART.o
                0x000000000000035c                initUSART
 .text.avr-libc
                0x000000000000037e       0x10 /usr/lib/gcc/avr/4.8.2/../../../avr/lib/avr5/libc.a(isspace.o)
                0x000000000000037e                isspace
 .text.avr-libc
                0x000000000000038e       0x32 /usr/lib/gcc/avr/4.8.2/../../../avr/lib/avr5/libc.a(sscanf.o)
                0x000000000000038e                sscanf
 .text.avr-libc
                0x00000000000003c0      0x56a /usr/lib/gcc/avr/4.8.2/../../../avr/lib/avr5/libc.a(vfscanf_std.o)
                0x00000000000006bc                vfscanf
 .text.avr-libc
                0x000000000000092a        0x6 /usr/lib/gcc/avr/4.8.2/../../../avr/lib/avr5/libc.a(cty_isfalse.o)
                0x000000000000092a                __ctype_isfalse
                0x000000000000092e                __ctype_istrue
 .text.avr-libc
                0x0000000000000930       0x16 /usr/lib/gcc/avr/4.8.2/../../../avr/lib/avr5/libc.a(strchr_P.o)
                0x0000000000000930                strchr_P
 .text.avr-libc
                0x0000000000000946       0x7c /usr/lib/gcc/avr/4.8.2/../../../avr/lib/avr5/libc.a(fgetc.o)
                0x0000000000000946                fgetc
 .text.avr-libc
                0x00000000000009c2       0x32 /usr/lib/gcc/avr/4.8.2/../../../avr/lib/avr5/libc.a(ungetc.o)
                0x00000000000009c2                ungetc
 .text.libgcc.prologue
                0x00000000000009f4       0x38 /usr/lib/gcc/avr/4.8.2/avr5/libgcc.a(_prologue.o)
                0x00000000000009f4                __prologue_saves__
 .text.libgcc.prologue
                0x0000000000000a2c       0x36 /usr/lib/gcc/avr/4.8.2/avr5/libgcc.a(_epilogue.o)
                0x0000000000000a2c                __epilogue_restores__
                0x0000000000000a62                . = ALIGN (0x2)
 *(.fini9)
 .fini9         0x0000000000000a62        0x0 /usr/lib/gcc/avr/4.8.2/avr5/libgcc.a(_exit.o)
                0x0000000000000a62                exit
                0x0000000000000a62                _exit
 *(.fini9)
 *(.fini8)
 *(.fini8)
 *(.fini7)
 *(.fini7)
 *(.fini6)
 *(.fini6)
 *(.fini5)
 *(.fini5)
 *(.fini4)
 *(.fini4)
 *(.fini3)
 *(.fini3)
 *(.fini2)
 *(.fini2)
 *(.fini1)
 *(.fini1)
 *(.fini0)
 .fini0         0x0000000000000a62        0x4 /usr/lib/gcc/avr/4.8.2/avr5/libgcc.a(_exit.o)
 *(.fini0)
                0x0000000000000a66                _etext = .

.data           0x0000000000800100       0x1a load address 0x0000000000000a66
                0x0000000000800100                PROVIDE (__data_start, .)
 *(.data)
 .data          0x0000000000800100        0x0 /usr/lib/gcc/avr/4.8.2/../../../avr/lib/avr5/crtm328p.o
 .data          0x0000000000800100        0x0 delay.o
 .data          0x0000000000800100        0x0 faheem_test.o
 .data          0x0000000000800100        0x0 simple_json.o
 .data          0x0000000000800100        0x0 ../AVR-Programming-Library/USART.o
 .data          0x0000000000800100        0x0 /usr/lib/gcc/avr/4.8.2/avr5/libgcc.a(_udivmodqi4.o)
 .data          0x0000000000800100        0x0 /usr/lib/gcc/avr/4.8.2/avr5/libgcc.a(_udivmodhi4.o)
 .data          0x0000000000800100        0x0 /usr/lib/gcc/avr/4.8.2/avr5/libgcc.a(_exit.o)
 .data          0x0000000000800100        0x0 /usr/lib/gcc/avr/4.8.2/avr5/libgcc.a(_copy_data.o)
 .data          0x0000000000800100        0x0 /usr/lib/gcc/avr/4.8.2/../../../avr/lib/avr5/libc.a(isspace.o)
 .data          0x0000000000800100        0x0 /usr/lib/gcc/avr/4.8.2/../../../avr/lib/avr5/libc.a(sscanf.o)
 .data          0x0000000000800100        0x0 /usr/lib/gcc/avr/4.8.2/../../../avr/lib/avr5/libc.a(vfscanf_std.o)
 .data          0x0000000000800100        0x0 /usr/lib/gcc/avr/4.8.2/../../../avr/lib/avr5/libc.a(cty_isfalse.o)
 .data          0x0000000000800100        0x0 /usr/lib/gcc/avr/4.8.2/../../../avr/lib/avr5/libc.a(strchr_P.o)
 .data          0x0000000000800100        0x0 /usr/lib/gcc/avr/4.8.2/../../../avr/lib/avr5/libc.a(fgetc.o)
 .data          0x0000000000800100        0x0 /usr/lib/gcc/avr/4.8.2/../../../avr/lib/avr5/libc.a(ungetc.o)
 .data          0x0000000000800100        0x0 /usr/lib/gcc/avr/4.8.2/avr5/libgcc.a(_prologue.o)
 .data          0x0000000000800100        0x0 /usr/lib/gcc/avr/4.8.2/avr5/libgcc.a(_epilogue.o)
 *(.data*)
 *(.rodata)
 *(.rodata*)
 .rodata.str1.1
                0x0000000000800100       0x19 faheem_test.o
 *(.gnu.linkonce.d*)
                0x000000000080011a                . = ALIGN (0x2)
 *fill*         0x0000000000800119        0x1 
                0x000000000080011a                _edata = .
                0x000000000080011a                PROVIDE (__data_end, .)

.bss            0x000000000080011a        0x0
                0x000000000080011a                PROVIDE (__bss_start, .)
 *(.bss)
 *(.bss*)
 *(COMMON)
                0x000000000080011a                PROVIDE (__bss_end, .)
                0x0000000000000a66                __data_load_start = LOADADDR (.data)
                0x0000000000000a80                __data_load_end = (__data_load_start + SIZEOF (.data))

.noinit         0x000000000080011a        0x0
                0x000000000080011a                PROVIDE (__noinit_start, .)
 *(.noinit*)
                0x000000000080011a                PROVIDE (__noinit_end, .)
                0x000000000080011a                _end = .
                0x000000000080011a                PROVIDE (__heap_start, .)

.eeprom         0x0000000000810000        0x0
 *(.eeprom*)
                0x0000000000810000                __eeprom_end = .

.fuse
 *(.fuse)
 *(.lfuse)
 *(.hfuse)
 *(.efuse)

.lock
 *(.lock*)

.signature
 *(.signature*)

.user_signatures
 *(.user_signatures*)

.stab           0x0000000000000000     0x3660
 *(.stab)
 .stab          0x0000000000000000      0x6cc /usr/lib/gcc/avr/4.8.2/../../../avr/lib/avr5/crtm328p.o
 .stab          0x00000000000006cc      0x504 delay.o
                                        0x618 (size before relaxing)
 .stab          0x0000000000000bd0      0x480 faheem_test.o
                                        0x63c (size before relaxing)
 .stab          0x0000000000001050      0x648 simple_json.o
                                        0x87c (size before relaxing)
 .stab          0x0000000000001698      0x39c ../AVR-Programming-Library/USART.o
                                        0xabc (size before relaxing)
 .stab          0x0000000000001a34       0x9c /usr/lib/gcc/avr/4.8.2/../../../avr/lib/avr5/libc.a(isspace.o)
                                         0xa8 (size before relaxing)
 .stab          0x0000000000001ad0      0x528 /usr/lib/gcc/avr/4.8.2/../../../avr/lib/avr5/libc.a(sscanf.o)
                                        0x534 (size before relaxing)
 .stab          0x0000000000001ff8      0xe28 /usr/lib/gcc/avr/4.8.2/../../../avr/lib/avr5/libc.a(vfscanf_std.o)
                                       0x1008 (size before relaxing)
 .stab          0x0000000000002e20       0x60 /usr/lib/gcc/avr/4.8.2/../../../avr/lib/avr5/libc.a(cty_isfalse.o)
                                         0x6c (size before relaxing)
 .stab          0x0000000000002e80       0x9c /usr/lib/gcc/avr/4.8.2/../../../avr/lib/avr5/libc.a(strchr_P.o)
                                         0xa8 (size before relaxing)
 .stab          0x0000000000002f1c      0x3e4 /usr/lib/gcc/avr/4.8.2/../../../avr/lib/avr5/libc.a(fgetc.o)
                                        0x5c4 (size before relaxing)
 .stab          0x0000000000003300      0x360 /usr/lib/gcc/avr/4.8.2/../../../avr/lib/avr5/libc.a(ungetc.o)
                                        0x540 (size before relaxing)

.stabstr        0x0000000000000000     0x1766
 *(.stabstr)
 .stabstr       0x0000000000000000     0x1766 /usr/lib/gcc/avr/4.8.2/../../../avr/lib/avr5/crtm328p.o

.stab.excl
 *(.stab.excl)

.stab.exclstr
 *(.stab.exclstr)

.stab.index
 *(.stab.index)

.stab.indexstr
 *(.stab.indexstr)

.comment        0x0000000000000000       0x11
 *(.comment)
 .comment       0x0000000000000000       0x11 delay.o
                                         0x12 (size before relaxing)
 .comment       0x0000000000000000       0x12 faheem_test.o
 .comment       0x0000000000000000       0x12 simple_json.o
 .comment       0x0000000000000000       0x12 ../AVR-Programming-Library/USART.o
 .comment       0x0000000000000000       0x12 /usr/lib/gcc/avr/4.8.2/../../../avr/lib/avr5/libc.a(sscanf.o)
 .comment       0x0000000000000000       0x12 /usr/lib/gcc/avr/4.8.2/../../../avr/lib/avr5/libc.a(vfscanf_std.o)
 .comment       0x0000000000000000       0x12 /usr/lib/gcc/avr/4.8.2/../../../avr/lib/avr5/libc.a(fgetc.o)
 .comment       0x0000000000000000       0x12 /usr/lib/gcc/avr/4.8.2/../../../avr/lib/avr5/libc.a(ungetc.o)

.debug
 *(.debug)

.line
 *(.line)

.debug_srcinfo
 *(.debug_srcinfo)

.debug_sfnames
 *(.debug_sfnames)

.debug_aranges
 *(.debug_aranges)

.debug_pubnames
 *(.debug_pubnames)

.debug_info
 *(.debug_info)
 *(.gnu.linkonce.wi.*)

.debug_abbrev
 *(.debug_abbrev)

.debug_line
 *(.debug_line)

.debug_frame
 *(.debug_frame)

.debug_str
 *(.debug_str)

.debug_loc
 *(.debug_loc)

.debug_macinfo
 *(.debug_macinfo)

.debug_pubtypes
 *(.debug_pubtypes)

.debug_ranges
 *(.debug_ranges)

.debug_macro
 *(.debug_macro)
OUTPUT(Faheem_Board_Test.elf elf32-avr)
LOAD linker stubs
