Archive member included because of file (symbol)

/usr/lib/gcc/avr/4.7.2/avr5/libgcc.a(_divmodhi4.o)
                              FrameBuffer.o (__divmodhi4)
/usr/lib/gcc/avr/4.7.2/avr5/libgcc.a(_exit.o)
                              /usr/lib/gcc/avr/4.7.2/../../../avr/lib/avr5/crtm328p.o (exit)
/usr/lib/gcc/avr/4.7.2/avr5/libgcc.a(_copy_data.o)
                              FrameBuffer.o (__do_copy_data)
/usr/lib/gcc/avr/4.7.2/avr5/libgcc.a(_clear_bss.o)
                              led_cube.o (__do_clear_bss)
/usr/lib/gcc/avr/4.7.2/avr5/libgcc.a(_udivmodhi4.o)
                              /usr/lib/gcc/avr/4.7.2/avr5/libgcc.a(_divmodhi4.o) (__udivmodhi4)
/usr/lib/gcc/avr/4.7.2/../../../avr/lib/avr5/libc.a(malloc.o)
                              FrameBuffer.o (malloc)
/usr/lib/gcc/avr/4.7.2/../../../avr/lib/avr5/libc.a(rand.o)
                              FrameBuffer.o (rand)
/usr/lib/gcc/avr/4.7.2/avr5/libgcc.a(_muluhisi3.o)
                              /usr/lib/gcc/avr/4.7.2/../../../avr/lib/avr5/libc.a(rand.o) (__muluhisi3)
/usr/lib/gcc/avr/4.7.2/avr5/libgcc.a(_mulshisi3.o)
                              /usr/lib/gcc/avr/4.7.2/../../../avr/lib/avr5/libc.a(rand.o) (__mulohisi3)
/usr/lib/gcc/avr/4.7.2/avr5/libgcc.a(_divmodsi4.o)
                              /usr/lib/gcc/avr/4.7.2/../../../avr/lib/avr5/libc.a(rand.o) (__divmodsi4)
/usr/lib/gcc/avr/4.7.2/avr5/libgcc.a(_epilogue.o)
                              /usr/lib/gcc/avr/4.7.2/../../../avr/lib/avr5/libc.a(malloc.o) (__epilogue_restores__)
/usr/lib/gcc/avr/4.7.2/avr5/libgcc.a(_umulhisi3.o)
                              /usr/lib/gcc/avr/4.7.2/avr5/libgcc.a(_muluhisi3.o) (__umulhisi3)
/usr/lib/gcc/avr/4.7.2/avr5/libgcc.a(_udivmodsi4.o)
                              /usr/lib/gcc/avr/4.7.2/avr5/libgcc.a(_divmodsi4.o) (__udivmodsi4)

Allocating common symbols
Common symbol       size              file

__brkval            0x2               /usr/lib/gcc/avr/4.7.2/../../../avr/lib/avr5/libc.a(malloc.o)
buttonController    0x2a              led_cube.o
framebuffer         0xf8              led_cube.o
timer_val           0x2               led_cube.o
ledDriver           0x3               led_cube.o
__flp               0x2               /usr/lib/gcc/avr/4.7.2/../../../avr/lib/avr5/libc.a(malloc.o)

Discarded input sections

 .data          0x0000000000000000        0x0 /usr/lib/gcc/avr/4.7.2/../../../avr/lib/avr5/crtm328p.o
 .bss           0x0000000000000000        0x0 /usr/lib/gcc/avr/4.7.2/../../../avr/lib/avr5/crtm328p.o
 .text          0x0000000000000000        0x0 ButtonController.o
 .data          0x0000000000000000        0x0 ButtonController.o
 .bss           0x0000000000000000        0x0 ButtonController.o
 .text.buttonPressed
                0x0000000000000000       0x9e ButtonController.o
 .text.getButtonStates
                0x0000000000000000       0xc8 ButtonController.o
 .text.buttonPressedDebounce
                0x0000000000000000      0x166 ButtonController.o
 .text          0x0000000000000000        0x0 delay.o
 .data          0x0000000000000000        0x0 delay.o
 .bss           0x0000000000000000        0x0 delay.o
 .text.delay_us
                0x0000000000000000        0xc delay.o
 .text          0x0000000000000000        0x0 FrameBuffer.o
 .data          0x0000000000000000        0x0 FrameBuffer.o
 .bss           0x0000000000000000        0x0 FrameBuffer.o
 .text.makeFrameBuffer
                0x0000000000000000       0x1e FrameBuffer.o
 .text.frameBufferToBits
                0x0000000000000000      0x188 FrameBuffer.o
 .text.frameBufferToBits_DB
                0x0000000000000000      0x19e FrameBuffer.o
 .text.frameBufferToBits_DB_NEW
                0x0000000000000000      0x1d2 FrameBuffer.o
 .text.clearFrameBuffer
                0x0000000000000000       0x70 FrameBuffer.o
 .text.clearFrameBuffer_
                0x0000000000000000       0x56 FrameBuffer.o
 .text.setPixel
                0x0000000000000000       0x30 FrameBuffer.o
 .text.drawPlane.part.1
                0x0000000000000000       0x58 FrameBuffer.o
 .text.clearPixel
                0x0000000000000000       0x2e FrameBuffer.o
 .text.togglePixel
                0x0000000000000000       0x3a FrameBuffer.o
 .text.drawLine
                0x0000000000000000       0x8e FrameBuffer.o
 .text.drawPlane
                0x0000000000000000       0xac FrameBuffer.o
 .text.clearPlane
                0x0000000000000000       0xd4 FrameBuffer.o
 .text.drawBinaryNumber
                0x0000000000000000      0x10c FrameBuffer.o
 .text.shiftPlane_anm
                0x0000000000000000      0x278 FrameBuffer.o
 .text.rotatePlane_anm
                0x0000000000000000      0x1b2 FrameBuffer.o
 .text.snake_anm
                0x0000000000000000      0x662 FrameBuffer.o
 .text.tallyScore_anm
                0x0000000000000000      0x120 FrameBuffer.o
 .text.controlPixel
                0x0000000000000000      0x12a FrameBuffer.o
 .text.snakeGame
                0x0000000000000000      0x69c FrameBuffer.o
 .text.tritrisGame
                0x0000000000000000      0x920 FrameBuffer.o
 .text.powerTest
                0x0000000000000000       0xc6 FrameBuffer.o
 .text.mainLoop
                0x0000000000000000      0x268 FrameBuffer.o
 .rodata.CSWTCH.40
                0x0000000000000000        0x4 FrameBuffer.o
 .text          0x0000000000000000        0x0 GeneralFunctions.o
 .data          0x0000000000000000        0x0 GeneralFunctions.o
 .bss           0x0000000000000000        0x0 GeneralFunctions.o
 .text.numberToBinaryArray
                0x0000000000000000        0x2 GeneralFunctions.o
 .text          0x0000000000000000        0x0 include_test.o
 .data          0x0000000000000000        0x0 include_test.o
 .bss           0x0000000000000000        0x0 include_test.o
 .text.testFunc
                0x0000000000000000        0x2 include_test.o
 .text          0x0000000000000000        0x0 led_cube.o
 .data          0x0000000000000000        0x0 led_cube.o
 .bss           0x0000000000000000        0x0 led_cube.o
 .text.initTimer
                0x0000000000000000       0x2c led_cube.o
 .text          0x0000000000000000        0x0 LedDriver.o
 .data          0x0000000000000000        0x0 LedDriver.o
 .bss           0x0000000000000000        0x0 LedDriver.o
 .text.makeLedDriver
                0x0000000000000000       0x32 LedDriver.o
 .text.sr_loadByte
                0x0000000000000000       0x98 LedDriver.o
 .text.sr_loadData_old
                0x0000000000000000       0xfe LedDriver.o
 .text.sr_loadData
                0x0000000000000000       0xf6 LedDriver.o
 .text          0x0000000000000000        0x0 Snake.o
 .data          0x0000000000000000        0x0 Snake.o
 .bss           0x0000000000000000        0x0 Snake.o
 .text.initSnake
                0x0000000000000000       0x66 Snake.o
 .text.makeSnake
                0x0000000000000000       0x42 Snake.o
 .text.setHead  0x0000000000000000       0x98 Snake.o
 .text.drawSnake
                0x0000000000000000       0x5a Snake.o
 .text.snakeCrossesBody
                0x0000000000000000       0x5e Snake.o
 .text.pointOverlapsSnake
                0x0000000000000000       0x80 Snake.o
 .text.incrementSnake
                0x0000000000000000       0x40 Snake.o
 .text          0x0000000000000000        0x0 Tritris.o
 .data          0x0000000000000000        0x0 Tritris.o
 .bss           0x0000000000000000        0x0 Tritris.o
 .text.initTritrisBlock
                0x0000000000000000       0x6e Tritris.o
 .text.makeTritrisBlock
                0x0000000000000000       0x30 Tritris.o
 .text.setBlockPosition
                0x0000000000000000       0x3c Tritris.o
 .text.rotateBlock
                0x0000000000000000       0x3c Tritris.o
 .text.calcRotation
                0x0000000000000000      0x120 Tritris.o
 .text.drawTritrisBlock
                0x0000000000000000       0xe2 Tritris.o
 .text.copyBlock
                0x0000000000000000       0x5c Tritris.o
 .text.initTritrisArea
                0x0000000000000000       0x72 Tritris.o
 .text.makeTritrisArea
                0x0000000000000000       0x1e Tritris.o
 .text.fillTritrisArea
                0x0000000000000000      0x120 Tritris.o
 .text.drawTritrisArea
                0x0000000000000000       0x88 Tritris.o
 .text.blockOverlapsArea
                0x0000000000000000      0x122 Tritris.o
 .text.blockCanFall
                0x0000000000000000       0x6c Tritris.o
 .text.checkTritrisArea
                0x0000000000000000      0x1fc Tritris.o
 .text.checkAreaForGameOver
                0x0000000000000000       0x50 Tritris.o
 .text          0x0000000000000000        0x0 Vector3d.o
 .data          0x0000000000000000        0x0 Vector3d.o
 .bss           0x0000000000000000        0x0 Vector3d.o
 .text.makeVector3d
                0x0000000000000000       0x36 Vector3d.o
 .text.setVector3d
                0x0000000000000000       0x10 Vector3d.o
 .text.drawVector3d
                0x0000000000000000       0x28 Vector3d.o
 .text.addVector3d
                0x0000000000000000       0x88 Vector3d.o
 .text.subtractVector
                0x0000000000000000       0x88 Vector3d.o
 .text          0x0000000000000000        0x0 /usr/lib/gcc/avr/4.7.2/avr5/libgcc.a(_divmodhi4.o)
 .data          0x0000000000000000        0x0 /usr/lib/gcc/avr/4.7.2/avr5/libgcc.a(_divmodhi4.o)
 .bss           0x0000000000000000        0x0 /usr/lib/gcc/avr/4.7.2/avr5/libgcc.a(_divmodhi4.o)
 .text.libgcc.mul
                0x0000000000000000        0x0 /usr/lib/gcc/avr/4.7.2/avr5/libgcc.a(_divmodhi4.o)
 .text.libgcc.div
                0x0000000000000000       0x28 /usr/lib/gcc/avr/4.7.2/avr5/libgcc.a(_divmodhi4.o)
 .text.libgcc   0x0000000000000000        0x0 /usr/lib/gcc/avr/4.7.2/avr5/libgcc.a(_divmodhi4.o)
 .text.libgcc.prologue
                0x0000000000000000        0x0 /usr/lib/gcc/avr/4.7.2/avr5/libgcc.a(_divmodhi4.o)
 .text.libgcc.builtins
                0x0000000000000000        0x0 /usr/lib/gcc/avr/4.7.2/avr5/libgcc.a(_divmodhi4.o)
 .text.libgcc.fmul
                0x0000000000000000        0x0 /usr/lib/gcc/avr/4.7.2/avr5/libgcc.a(_divmodhi4.o)
 .text          0x0000000000000000        0x0 /usr/lib/gcc/avr/4.7.2/avr5/libgcc.a(_exit.o)
 .data          0x0000000000000000        0x0 /usr/lib/gcc/avr/4.7.2/avr5/libgcc.a(_exit.o)
 .bss           0x0000000000000000        0x0 /usr/lib/gcc/avr/4.7.2/avr5/libgcc.a(_exit.o)
 .text.libgcc.mul
                0x0000000000000000        0x0 /usr/lib/gcc/avr/4.7.2/avr5/libgcc.a(_exit.o)
 .text.libgcc.div
                0x0000000000000000        0x0 /usr/lib/gcc/avr/4.7.2/avr5/libgcc.a(_exit.o)
 .text.libgcc   0x0000000000000000        0x0 /usr/lib/gcc/avr/4.7.2/avr5/libgcc.a(_exit.o)
 .text.libgcc.prologue
                0x0000000000000000        0x0 /usr/lib/gcc/avr/4.7.2/avr5/libgcc.a(_exit.o)
 .text.libgcc.builtins
                0x0000000000000000        0x0 /usr/lib/gcc/avr/4.7.2/avr5/libgcc.a(_exit.o)
 .text.libgcc.fmul
                0x0000000000000000        0x0 /usr/lib/gcc/avr/4.7.2/avr5/libgcc.a(_exit.o)
 .text          0x0000000000000000        0x0 /usr/lib/gcc/avr/4.7.2/avr5/libgcc.a(_copy_data.o)
 .data          0x0000000000000000        0x0 /usr/lib/gcc/avr/4.7.2/avr5/libgcc.a(_copy_data.o)
 .bss           0x0000000000000000        0x0 /usr/lib/gcc/avr/4.7.2/avr5/libgcc.a(_copy_data.o)
 .text.libgcc.mul
                0x0000000000000000        0x0 /usr/lib/gcc/avr/4.7.2/avr5/libgcc.a(_copy_data.o)
 .text.libgcc.div
                0x0000000000000000        0x0 /usr/lib/gcc/avr/4.7.2/avr5/libgcc.a(_copy_data.o)
 .text.libgcc   0x0000000000000000        0x0 /usr/lib/gcc/avr/4.7.2/avr5/libgcc.a(_copy_data.o)
 .text.libgcc.prologue
                0x0000000000000000        0x0 /usr/lib/gcc/avr/4.7.2/avr5/libgcc.a(_copy_data.o)
 .text.libgcc.builtins
                0x0000000000000000        0x0 /usr/lib/gcc/avr/4.7.2/avr5/libgcc.a(_copy_data.o)
 .text.libgcc.fmul
                0x0000000000000000        0x0 /usr/lib/gcc/avr/4.7.2/avr5/libgcc.a(_copy_data.o)
 .text          0x0000000000000000        0x0 /usr/lib/gcc/avr/4.7.2/avr5/libgcc.a(_clear_bss.o)
 .data          0x0000000000000000        0x0 /usr/lib/gcc/avr/4.7.2/avr5/libgcc.a(_clear_bss.o)
 .bss           0x0000000000000000        0x0 /usr/lib/gcc/avr/4.7.2/avr5/libgcc.a(_clear_bss.o)
 .text.libgcc.mul
                0x0000000000000000        0x0 /usr/lib/gcc/avr/4.7.2/avr5/libgcc.a(_clear_bss.o)
 .text.libgcc.div
                0x0000000000000000        0x0 /usr/lib/gcc/avr/4.7.2/avr5/libgcc.a(_clear_bss.o)
 .text.libgcc   0x0000000000000000        0x0 /usr/lib/gcc/avr/4.7.2/avr5/libgcc.a(_clear_bss.o)
 .text.libgcc.prologue
                0x0000000000000000        0x0 /usr/lib/gcc/avr/4.7.2/avr5/libgcc.a(_clear_bss.o)
 .text.libgcc.builtins
                0x0000000000000000        0x0 /usr/lib/gcc/avr/4.7.2/avr5/libgcc.a(_clear_bss.o)
 .text.libgcc.fmul
                0x0000000000000000        0x0 /usr/lib/gcc/avr/4.7.2/avr5/libgcc.a(_clear_bss.o)
 .text          0x0000000000000000        0x0 /usr/lib/gcc/avr/4.7.2/avr5/libgcc.a(_udivmodhi4.o)
 .data          0x0000000000000000        0x0 /usr/lib/gcc/avr/4.7.2/avr5/libgcc.a(_udivmodhi4.o)
 .bss           0x0000000000000000        0x0 /usr/lib/gcc/avr/4.7.2/avr5/libgcc.a(_udivmodhi4.o)
 .text.libgcc.mul
                0x0000000000000000        0x0 /usr/lib/gcc/avr/4.7.2/avr5/libgcc.a(_udivmodhi4.o)
 .text.libgcc.div
                0x0000000000000000       0x28 /usr/lib/gcc/avr/4.7.2/avr5/libgcc.a(_udivmodhi4.o)
 .text.libgcc   0x0000000000000000        0x0 /usr/lib/gcc/avr/4.7.2/avr5/libgcc.a(_udivmodhi4.o)
 .text.libgcc.prologue
                0x0000000000000000        0x0 /usr/lib/gcc/avr/4.7.2/avr5/libgcc.a(_udivmodhi4.o)
 .text.libgcc.builtins
                0x0000000000000000        0x0 /usr/lib/gcc/avr/4.7.2/avr5/libgcc.a(_udivmodhi4.o)
 .text.libgcc.fmul
                0x0000000000000000        0x0 /usr/lib/gcc/avr/4.7.2/avr5/libgcc.a(_udivmodhi4.o)
 .text          0x0000000000000000        0x0 /usr/lib/gcc/avr/4.7.2/../../../avr/lib/avr5/libc.a(malloc.o)
 .data          0x0000000000000000        0x6 /usr/lib/gcc/avr/4.7.2/../../../avr/lib/avr5/libc.a(malloc.o)
 .bss           0x0000000000000000        0x0 /usr/lib/gcc/avr/4.7.2/../../../avr/lib/avr5/libc.a(malloc.o)
 .text.avr-libc
                0x0000000000000000      0x26e /usr/lib/gcc/avr/4.7.2/../../../avr/lib/avr5/libc.a(malloc.o)
 COMMON         0x0000000000000000        0x4 /usr/lib/gcc/avr/4.7.2/../../../avr/lib/avr5/libc.a(malloc.o)
 .text          0x0000000000000000        0x0 /usr/lib/gcc/avr/4.7.2/../../../avr/lib/avr5/libc.a(rand.o)
 .data          0x0000000000000000        0x4 /usr/lib/gcc/avr/4.7.2/../../../avr/lib/avr5/libc.a(rand.o)
 .bss           0x0000000000000000        0x0 /usr/lib/gcc/avr/4.7.2/../../../avr/lib/avr5/libc.a(rand.o)
 .text.avr-libc
                0x0000000000000000       0xc2 /usr/lib/gcc/avr/4.7.2/../../../avr/lib/avr5/libc.a(rand.o)
 .text          0x0000000000000000        0x0 /usr/lib/gcc/avr/4.7.2/avr5/libgcc.a(_muluhisi3.o)
 .data          0x0000000000000000        0x0 /usr/lib/gcc/avr/4.7.2/avr5/libgcc.a(_muluhisi3.o)
 .bss           0x0000000000000000        0x0 /usr/lib/gcc/avr/4.7.2/avr5/libgcc.a(_muluhisi3.o)
 .text.libgcc.mul
                0x0000000000000000       0x16 /usr/lib/gcc/avr/4.7.2/avr5/libgcc.a(_muluhisi3.o)
 .text.libgcc.div
                0x0000000000000000        0x0 /usr/lib/gcc/avr/4.7.2/avr5/libgcc.a(_muluhisi3.o)
 .text.libgcc   0x0000000000000000        0x0 /usr/lib/gcc/avr/4.7.2/avr5/libgcc.a(_muluhisi3.o)
 .text.libgcc.prologue
                0x0000000000000000        0x0 /usr/lib/gcc/avr/4.7.2/avr5/libgcc.a(_muluhisi3.o)
 .text.libgcc.builtins
                0x0000000000000000        0x0 /usr/lib/gcc/avr/4.7.2/avr5/libgcc.a(_muluhisi3.o)
 .text.libgcc.fmul
                0x0000000000000000        0x0 /usr/lib/gcc/avr/4.7.2/avr5/libgcc.a(_muluhisi3.o)
 .text          0x0000000000000000        0x0 /usr/lib/gcc/avr/4.7.2/avr5/libgcc.a(_mulshisi3.o)
 .data          0x0000000000000000        0x0 /usr/lib/gcc/avr/4.7.2/avr5/libgcc.a(_mulshisi3.o)
 .bss           0x0000000000000000        0x0 /usr/lib/gcc/avr/4.7.2/avr5/libgcc.a(_mulshisi3.o)
 .text.libgcc.mul
                0x0000000000000000       0x10 /usr/lib/gcc/avr/4.7.2/avr5/libgcc.a(_mulshisi3.o)
 .text.libgcc.div
                0x0000000000000000        0x0 /usr/lib/gcc/avr/4.7.2/avr5/libgcc.a(_mulshisi3.o)
 .text.libgcc   0x0000000000000000        0x0 /usr/lib/gcc/avr/4.7.2/avr5/libgcc.a(_mulshisi3.o)
 .text.libgcc.prologue
                0x0000000000000000        0x0 /usr/lib/gcc/avr/4.7.2/avr5/libgcc.a(_mulshisi3.o)
 .text.libgcc.builtins
                0x0000000000000000        0x0 /usr/lib/gcc/avr/4.7.2/avr5/libgcc.a(_mulshisi3.o)
 .text.libgcc.fmul
                0x0000000000000000        0x0 /usr/lib/gcc/avr/4.7.2/avr5/libgcc.a(_mulshisi3.o)
 .text          0x0000000000000000        0x0 /usr/lib/gcc/avr/4.7.2/avr5/libgcc.a(_divmodsi4.o)
 .data          0x0000000000000000        0x0 /usr/lib/gcc/avr/4.7.2/avr5/libgcc.a(_divmodsi4.o)
 .bss           0x0000000000000000        0x0 /usr/lib/gcc/avr/4.7.2/avr5/libgcc.a(_divmodsi4.o)
 .text.libgcc.mul
                0x0000000000000000        0x0 /usr/lib/gcc/avr/4.7.2/avr5/libgcc.a(_divmodsi4.o)
 .text.libgcc.div
                0x0000000000000000       0x38 /usr/lib/gcc/avr/4.7.2/avr5/libgcc.a(_divmodsi4.o)
 .text.libgcc   0x0000000000000000        0x0 /usr/lib/gcc/avr/4.7.2/avr5/libgcc.a(_divmodsi4.o)
 .text.libgcc.prologue
                0x0000000000000000        0x0 /usr/lib/gcc/avr/4.7.2/avr5/libgcc.a(_divmodsi4.o)
 .text.libgcc.builtins
                0x0000000000000000        0x0 /usr/lib/gcc/avr/4.7.2/avr5/libgcc.a(_divmodsi4.o)
 .text.libgcc.fmul
                0x0000000000000000        0x0 /usr/lib/gcc/avr/4.7.2/avr5/libgcc.a(_divmodsi4.o)
 .text          0x0000000000000000        0x0 /usr/lib/gcc/avr/4.7.2/avr5/libgcc.a(_epilogue.o)
 .data          0x0000000000000000        0x0 /usr/lib/gcc/avr/4.7.2/avr5/libgcc.a(_epilogue.o)
 .bss           0x0000000000000000        0x0 /usr/lib/gcc/avr/4.7.2/avr5/libgcc.a(_epilogue.o)
 .text.libgcc.mul
                0x0000000000000000        0x0 /usr/lib/gcc/avr/4.7.2/avr5/libgcc.a(_epilogue.o)
 .text.libgcc.div
                0x0000000000000000        0x0 /usr/lib/gcc/avr/4.7.2/avr5/libgcc.a(_epilogue.o)
 .text.libgcc   0x0000000000000000        0x0 /usr/lib/gcc/avr/4.7.2/avr5/libgcc.a(_epilogue.o)
 .text.libgcc.prologue
                0x0000000000000000       0x36 /usr/lib/gcc/avr/4.7.2/avr5/libgcc.a(_epilogue.o)
 .text.libgcc.builtins
                0x0000000000000000        0x0 /usr/lib/gcc/avr/4.7.2/avr5/libgcc.a(_epilogue.o)
 .text.libgcc.fmul
                0x0000000000000000        0x0 /usr/lib/gcc/avr/4.7.2/avr5/libgcc.a(_epilogue.o)
 .text          0x0000000000000000        0x0 /usr/lib/gcc/avr/4.7.2/avr5/libgcc.a(_umulhisi3.o)
 .data          0x0000000000000000        0x0 /usr/lib/gcc/avr/4.7.2/avr5/libgcc.a(_umulhisi3.o)
 .bss           0x0000000000000000        0x0 /usr/lib/gcc/avr/4.7.2/avr5/libgcc.a(_umulhisi3.o)
 .text.libgcc.mul
                0x0000000000000000       0x18 /usr/lib/gcc/avr/4.7.2/avr5/libgcc.a(_umulhisi3.o)
 .text.libgcc.div
                0x0000000000000000        0x0 /usr/lib/gcc/avr/4.7.2/avr5/libgcc.a(_umulhisi3.o)
 .text.libgcc   0x0000000000000000        0x0 /usr/lib/gcc/avr/4.7.2/avr5/libgcc.a(_umulhisi3.o)
 .text.libgcc.prologue
                0x0000000000000000        0x0 /usr/lib/gcc/avr/4.7.2/avr5/libgcc.a(_umulhisi3.o)
 .text.libgcc.builtins
                0x0000000000000000        0x0 /usr/lib/gcc/avr/4.7.2/avr5/libgcc.a(_umulhisi3.o)
 .text.libgcc.fmul
                0x0000000000000000        0x0 /usr/lib/gcc/avr/4.7.2/avr5/libgcc.a(_umulhisi3.o)
 .text          0x0000000000000000        0x0 /usr/lib/gcc/avr/4.7.2/avr5/libgcc.a(_udivmodsi4.o)
 .data          0x0000000000000000        0x0 /usr/lib/gcc/avr/4.7.2/avr5/libgcc.a(_udivmodsi4.o)
 .bss           0x0000000000000000        0x0 /usr/lib/gcc/avr/4.7.2/avr5/libgcc.a(_udivmodsi4.o)
 .text.libgcc.mul
                0x0000000000000000        0x0 /usr/lib/gcc/avr/4.7.2/avr5/libgcc.a(_udivmodsi4.o)
 .text.libgcc.div
                0x0000000000000000       0x44 /usr/lib/gcc/avr/4.7.2/avr5/libgcc.a(_udivmodsi4.o)
 .text.libgcc   0x0000000000000000        0x0 /usr/lib/gcc/avr/4.7.2/avr5/libgcc.a(_udivmodsi4.o)
 .text.libgcc.prologue
                0x0000000000000000        0x0 /usr/lib/gcc/avr/4.7.2/avr5/libgcc.a(_udivmodsi4.o)
 .text.libgcc.builtins
                0x0000000000000000        0x0 /usr/lib/gcc/avr/4.7.2/avr5/libgcc.a(_udivmodsi4.o)
 .text.libgcc.fmul
                0x0000000000000000        0x0 /usr/lib/gcc/avr/4.7.2/avr5/libgcc.a(_udivmodsi4.o)

Memory Configuration

Name             Origin             Length             Attributes
text             0x0000000000000000 0x0000000000020000 xr
data             0x0000000000800060 0x000000000000ffa0 rw !x
eeprom           0x0000000000810000 0x0000000000010000 rw !x
fuse             0x0000000000820000 0x0000000000000400 rw !x
lock             0x0000000000830000 0x0000000000000400 rw !x
signature        0x0000000000840000 0x0000000000000400 rw !x
*default*        0x0000000000000000 0xffffffffffffffff

Linker script and memory map

Address of section .data set to 0x800100
LOAD /usr/lib/gcc/avr/4.7.2/../../../avr/lib/avr5/crtm328p.o
LOAD ButtonController.o
LOAD delay.o
LOAD FrameBuffer.o
LOAD GeneralFunctions.o
LOAD include_test.o
LOAD led_cube.o
LOAD LedDriver.o
LOAD Snake.o
LOAD Tritris.o
LOAD Vector3d.o
LOAD /usr/lib/gcc/avr/4.7.2/avr5/libgcc.a
LOAD /usr/lib/gcc/avr/4.7.2/../../../avr/lib/avr5/libc.a
LOAD /usr/lib/gcc/avr/4.7.2/avr5/libgcc.a

.hash
 *(.hash)

.dynsym
 *(.dynsym)

.dynstr
 *(.dynstr)

.gnu.version
 *(.gnu.version)

.gnu.version_d
 *(.gnu.version_d)

.gnu.version_r
 *(.gnu.version_r)

.rel.init
 *(.rel.init)

.rela.init
 *(.rela.init)

.rel.text
 *(.rel.text)
 *(.rel.text.*)
 *(.rel.gnu.linkonce.t*)

.rela.text
 *(.rela.text)
 *(.rela.text.*)
 *(.rela.gnu.linkonce.t*)

.rel.fini
 *(.rel.fini)

.rela.fini
 *(.rela.fini)

.rel.rodata
 *(.rel.rodata)
 *(.rel.rodata.*)
 *(.rel.gnu.linkonce.r*)

.rela.rodata
 *(.rela.rodata)
 *(.rela.rodata.*)
 *(.rela.gnu.linkonce.r*)

.rel.data
 *(.rel.data)
 *(.rel.data.*)
 *(.rel.gnu.linkonce.d*)

.rela.data
 *(.rela.data)
 *(.rela.data.*)
 *(.rela.gnu.linkonce.d*)

.rel.ctors
 *(.rel.ctors)

.rela.ctors
 *(.rela.ctors)

.rel.dtors
 *(.rel.dtors)

.rela.dtors
 *(.rela.dtors)

.rel.got
 *(.rel.got)

.rela.got
 *(.rela.got)

.rel.bss
 *(.rel.bss)

.rela.bss
 *(.rela.bss)

.rel.plt
 *(.rel.plt)

.rela.plt
 *(.rela.plt)

.text           0x0000000000000000      0x53e
 *(.vectors)
 .vectors       0x0000000000000000       0x68 /usr/lib/gcc/avr/4.7.2/../../../avr/lib/avr5/crtm328p.o
                0x0000000000000000                __vectors
                0x0000000000000000                __vector_default
 *(.vectors)
 *(.progmem.gcc*)
 *(.progmem*)
                0x0000000000000068                . = ALIGN (0x2)
                0x0000000000000068                __trampolines_start = .
 *(.trampolines)
 .trampolines   0x0000000000000068        0x0 linker stubs
 *(.trampolines*)
                0x0000000000000068                __trampolines_end = .
 *(.jumptables)
 *(.jumptables*)
 *(.lowtext)
 *(.lowtext*)
                0x0000000000000068                __ctors_start = .
 *(.ctors)
                0x0000000000000068                __ctors_end = .
                0x0000000000000068                __dtors_start = .
 *(.dtors)
                0x0000000000000068                __dtors_end = .
 SORT(*)(.ctors)
 SORT(*)(.dtors)
 *(.init0)
 .init0         0x0000000000000068        0x0 /usr/lib/gcc/avr/4.7.2/../../../avr/lib/avr5/crtm328p.o
                0x0000000000000068                __init
 *(.init0)
 *(.init1)
 *(.init1)
 *(.init2)
 .init2         0x0000000000000068        0xc /usr/lib/gcc/avr/4.7.2/../../../avr/lib/avr5/crtm328p.o
 *(.init2)
 *(.init3)
 *(.init3)
 *(.init4)
 .init4         0x0000000000000074       0x16 /usr/lib/gcc/avr/4.7.2/avr5/libgcc.a(_copy_data.o)
                0x0000000000000074                __do_copy_data
 .init4         0x000000000000008a       0x10 /usr/lib/gcc/avr/4.7.2/avr5/libgcc.a(_clear_bss.o)
                0x000000000000008a                __do_clear_bss
 *(.init4)
 *(.init5)
 *(.init5)
 *(.init6)
 *(.init6)
 *(.init7)
 *(.init7)
 *(.init8)
 *(.init8)
 *(.init9)
 .init9         0x000000000000009a        0x8 /usr/lib/gcc/avr/4.7.2/../../../avr/lib/avr5/crtm328p.o
 *(.init9)
 *(.text)
 .text          0x00000000000000a2        0x4 /usr/lib/gcc/avr/4.7.2/../../../avr/lib/avr5/crtm328p.o
                0x00000000000000a2                __vector_22
                0x00000000000000a2                __vector_1
                0x00000000000000a2                __vector_24
                0x00000000000000a2                __vector_12
                0x00000000000000a2                __bad_interrupt
                0x00000000000000a2                __vector_6
                0x00000000000000a2                __vector_3
                0x00000000000000a2                __vector_23
                0x00000000000000a2                __vector_25
                0x00000000000000a2                __vector_11
                0x00000000000000a2                __vector_13
                0x00000000000000a2                __vector_17
                0x00000000000000a2                __vector_19
                0x00000000000000a2                __vector_7
                0x00000000000000a2                __vector_5
                0x00000000000000a2                __vector_4
                0x00000000000000a2                __vector_9
                0x00000000000000a2                __vector_2
                0x00000000000000a2                __vector_21
                0x00000000000000a2                __vector_15
                0x00000000000000a2                __vector_8
                0x00000000000000a2                __vector_10
                0x00000000000000a2                __vector_16
                0x00000000000000a2                __vector_18
                0x00000000000000a2                __vector_20
                0x00000000000000a6                . = ALIGN (0x2)
 *(.text.*)
 .text.initButtonController
                0x00000000000000a6      0x166 ButtonController.o
                0x00000000000000a6                initButtonController
 .text.delay_ms
                0x000000000000020c       0x16 delay.o
                0x000000000000020c                delay_ms
 .text.initFrameBuffer
                0x0000000000000222       0x7c FrameBuffer.o
                0x0000000000000222                initFrameBuffer
 .text.setFrameBuffer
                0x000000000000029e       0x6e FrameBuffer.o
                0x000000000000029e                setFrameBuffer
 .text.__vector_14
                0x000000000000030c       0xac led_cube.o
                0x000000000000030c                __vector_14
 .text.startup.main
                0x00000000000003b8       0x94 led_cube.o
                0x00000000000003b8                main
 .text.setLedDriver
                0x000000000000044c        0xa LedDriver.o
                0x000000000000044c                setLedDriver
 .text.sr_loadData_alt
                0x0000000000000456       0xe4 LedDriver.o
                0x0000000000000456                sr_loadData_alt
                0x000000000000053a                . = ALIGN (0x2)
 *(.fini9)
 .fini9         0x000000000000053a        0x0 /usr/lib/gcc/avr/4.7.2/avr5/libgcc.a(_exit.o)
                0x000000000000053a                exit
                0x000000000000053a                _exit
 *(.fini9)
 *(.fini8)
 *(.fini8)
 *(.fini7)
 *(.fini7)
 *(.fini6)
 *(.fini6)
 *(.fini5)
 *(.fini5)
 *(.fini4)
 *(.fini4)
 *(.fini3)
 *(.fini3)
 *(.fini2)
 *(.fini2)
 *(.fini1)
 *(.fini1)
 *(.fini0)
 .fini0         0x000000000000053a        0x4 /usr/lib/gcc/avr/4.7.2/avr5/libgcc.a(_exit.o)
 *(.fini0)
                0x000000000000053e                _etext = .

.data           0x0000000000800100       0x10 load address 0x000000000000053e
                0x0000000000800100                PROVIDE (__data_start, .)
 *(.data)
 *(.data*)
 *(.rodata)
 .rodata        0x0000000000800100        0xf led_cube.o
 *(.rodata*)
 *(.gnu.linkonce.d*)
                0x0000000000800110                . = ALIGN (0x2)
 *fill*         0x000000000080010f        0x1 00
                0x0000000000800110                _edata = .
                0x0000000000800110                PROVIDE (__data_end, .)

.bss            0x0000000000800110      0x127
                0x0000000000800110                PROVIDE (__bss_start, .)
 *(.bss)
 *(.bss*)
 *(COMMON)
 COMMON         0x0000000000800110      0x127 led_cube.o
                0x0000000000800110                buttonController
                0x000000000080013a                framebuffer
                0x0000000000800232                timer_val
                0x0000000000800234                ledDriver
                0x0000000000800237                PROVIDE (__bss_end, .)
                0x000000000000053e                __data_load_start = LOADADDR (.data)
                0x000000000000054e                __data_load_end = (__data_load_start + SIZEOF (.data))

.noinit         0x0000000000800237        0x0
                0x0000000000800237                PROVIDE (__noinit_start, .)
 *(.noinit*)
                0x0000000000800237                PROVIDE (__noinit_end, .)
                0x0000000000800237                _end = .
                0x0000000000800237                PROVIDE (__heap_start, .)

.eeprom         0x0000000000810000        0x0
 *(.eeprom*)
                0x0000000000810000                __eeprom_end = .

.fuse
 *(.fuse)
 *(.lfuse)
 *(.hfuse)
 *(.efuse)

.lock
 *(.lock*)

.signature
 *(.signature*)

.stab           0x0000000000000000     0x285c
 *(.stab)
 .stab          0x0000000000000000      0x6cc /usr/lib/gcc/avr/4.7.2/../../../avr/lib/avr5/crtm328p.o
 .stab          0x00000000000006cc      0x5a0 ButtonController.o
                                        0x93c (size before relaxing)
 .stab          0x0000000000000c6c      0x1bc delay.o
                                        0x3d8 (size before relaxing)
 .stab          0x0000000000000e28      0x678 FrameBuffer.o
                                       0x4704 (size before relaxing)
 .stab          0x00000000000014a0      0x150 GeneralFunctions.o
                                        0x3c0 (size before relaxing)
 .stab          0x00000000000015f0      0x138 include_test.o
                                        0x330 (size before relaxing)
 .stab          0x0000000000001728      0x390 led_cube.o
                                        0x678 (size before relaxing)
 .stab          0x0000000000001ab8      0x39c LedDriver.o
                                        0xa50 (size before relaxing)
 .stab          0x0000000000001e54      0x1d4 Snake.o
                                        0x984 (size before relaxing)
 .stab          0x0000000000002028      0x210 Tritris.o
                                       0x16b0 (size before relaxing)
 .stab          0x0000000000002238      0x198 Vector3d.o
                                        0x660 (size before relaxing)
 .stab          0x00000000000023d0      0x360 /usr/lib/gcc/avr/4.7.2/../../../avr/lib/avr5/libc.a(malloc.o)
                                        0x798 (size before relaxing)
 .stab          0x0000000000002730      0x12c /usr/lib/gcc/avr/4.7.2/../../../avr/lib/avr5/libc.a(rand.o)
                                        0x324 (size before relaxing)

.stabstr        0x0000000000000000     0x21d5
 *(.stabstr)
 .stabstr       0x0000000000000000     0x21d5 /usr/lib/gcc/avr/4.7.2/../../../avr/lib/avr5/crtm328p.o

.stab.excl
 *(.stab.excl)

.stab.exclstr
 *(.stab.exclstr)

.stab.index
 *(.stab.index)

.stab.indexstr
 *(.stab.indexstr)

.comment        0x0000000000000000       0x22
 *(.comment)
 .comment       0x0000000000000000       0x11 ButtonController.o
                                         0x12 (size before relaxing)
 .comment       0x0000000000000000       0x12 delay.o
 .comment       0x0000000000000000       0x12 FrameBuffer.o
 .comment       0x0000000000000000       0x12 GeneralFunctions.o
 .comment       0x0000000000000000       0x12 include_test.o
 .comment       0x0000000000000000       0x12 led_cube.o
 .comment       0x0000000000000000       0x12 LedDriver.o
 .comment       0x0000000000000000       0x12 Snake.o
 .comment       0x0000000000000000       0x12 Tritris.o
 .comment       0x0000000000000000       0x12 Vector3d.o
 .comment       0x0000000000000011       0x11 /usr/lib/gcc/avr/4.7.2/../../../avr/lib/avr5/libc.a(malloc.o)
                                         0x12 (size before relaxing)
 .comment       0x0000000000000000       0x12 /usr/lib/gcc/avr/4.7.2/../../../avr/lib/avr5/libc.a(rand.o)

.debug
 *(.debug)

.line
 *(.line)

.debug_srcinfo
 *(.debug_srcinfo)

.debug_sfnames
 *(.debug_sfnames)

.debug_aranges
 *(.debug_aranges)

.debug_pubnames
 *(.debug_pubnames)

.debug_info
 *(.debug_info)
 *(.gnu.linkonce.wi.*)

.debug_abbrev
 *(.debug_abbrev)

.debug_line
 *(.debug_line)

.debug_frame
 *(.debug_frame)

.debug_str
 *(.debug_str)

.debug_loc
 *(.debug_loc)

.debug_macinfo
 *(.debug_macinfo)
OUTPUT(LedCube_6x6x6.elf elf32-avr)
LOAD linker stubs
